Archive member included to satisfy reference by file (symbol)

/usr/share/MRS2/MRS-linux-x64/resources/app/resources/linux/components/WCH/Toolchain/RISC-V Embedded GCC/bin/../lib/gcc/riscv-none-embed/8.2.0/rv32imacxw/ilp32/libgcc.a(_lshrdi3.o)
                              ./User/monocypher.o (__lshrdi3)
/usr/share/MRS2/MRS-linux-x64/resources/app/resources/linux/components/WCH/Toolchain/RISC-V Embedded GCC/bin/../lib/gcc/riscv-none-embed/8.2.0/rv32imacxw/ilp32/libgcc.a(_ashldi3.o)
                              ./User/monocypher.o (__ashldi3)
/usr/share/MRS2/MRS-linux-x64/resources/app/resources/linux/components/WCH/Toolchain/RISC-V Embedded GCC/bin/../lib/gcc/riscv-none-embed/8.2.0/rv32imacxw/ilp32/libgcc.a(_moddi3.o)
                              ./User/monocypher.o (__moddi3)
/usr/share/MRS2/MRS-linux-x64/resources/app/resources/linux/components/WCH/Toolchain/RISC-V Embedded GCC/bin/../lib/gcc/riscv-none-embed/8.2.0/rv32imacxw/ilp32/libgcc.a(_umoddi3.o)
                              ./User/monocypher.o (__umoddi3)
/usr/share/MRS2/MRS-linux-x64/resources/app/resources/linux/components/WCH/Toolchain/RISC-V Embedded GCC/bin/../lib/gcc/riscv-none-embed/8.2.0/rv32imacxw/ilp32/libgcc.a(save-restore.o)
                              ./User/ed25519/fe.o (__riscv_save_12)
/usr/share/MRS2/MRS-linux-x64/resources/app/resources/linux/components/WCH/Toolchain/RISC-V Embedded GCC/bin/../lib/gcc/riscv-none-embed/8.2.0/rv32imacxw/ilp32/libgcc.a(_clz.o)
                              /usr/share/MRS2/MRS-linux-x64/resources/app/resources/linux/components/WCH/Toolchain/RISC-V Embedded GCC/bin/../lib/gcc/riscv-none-embed/8.2.0/rv32imacxw/ilp32/libgcc.a(_moddi3.o) (__clz_tab)
/usr/share/MRS2/MRS-linux-x64/resources/app/resources/linux/components/WCH/Toolchain/RISC-V Embedded GCC/bin/../lib/gcc/riscv-none-embed/8.2.0/../../../../riscv-none-embed/lib/rv32imacxw/ilp32/libg_nano.a(lib_a-fclose.o)
                              ./User/ed25519/seed.o (fclose)
/usr/share/MRS2/MRS-linux-x64/resources/app/resources/linux/components/WCH/Toolchain/RISC-V Embedded GCC/bin/../lib/gcc/riscv-none-embed/8.2.0/../../../../riscv-none-embed/lib/rv32imacxw/ilp32/libg_nano.a(lib_a-fflush.o)
                              /usr/share/MRS2/MRS-linux-x64/resources/app/resources/linux/components/WCH/Toolchain/RISC-V Embedded GCC/bin/../lib/gcc/riscv-none-embed/8.2.0/../../../../riscv-none-embed/lib/rv32imacxw/ilp32/libg_nano.a(lib_a-fclose.o) (__sflush_r)
/usr/share/MRS2/MRS-linux-x64/resources/app/resources/linux/components/WCH/Toolchain/RISC-V Embedded GCC/bin/../lib/gcc/riscv-none-embed/8.2.0/../../../../riscv-none-embed/lib/rv32imacxw/ilp32/libg_nano.a(lib_a-findfp.o)
                              /usr/share/MRS2/MRS-linux-x64/resources/app/resources/linux/components/WCH/Toolchain/RISC-V Embedded GCC/bin/../lib/gcc/riscv-none-embed/8.2.0/../../../../riscv-none-embed/lib/rv32imacxw/ilp32/libg_nano.a(lib_a-fclose.o) (__sinit)
/usr/share/MRS2/MRS-linux-x64/resources/app/resources/linux/components/WCH/Toolchain/RISC-V Embedded GCC/bin/../lib/gcc/riscv-none-embed/8.2.0/../../../../riscv-none-embed/lib/rv32imacxw/ilp32/libg_nano.a(lib_a-fopen.o)
                              ./User/ed25519/seed.o (fopen)
/usr/share/MRS2/MRS-linux-x64/resources/app/resources/linux/components/WCH/Toolchain/RISC-V Embedded GCC/bin/../lib/gcc/riscv-none-embed/8.2.0/../../../../riscv-none-embed/lib/rv32imacxw/ilp32/libg_nano.a(lib_a-fread.o)
                              ./User/ed25519/seed.o (fread)
/usr/share/MRS2/MRS-linux-x64/resources/app/resources/linux/components/WCH/Toolchain/RISC-V Embedded GCC/bin/../lib/gcc/riscv-none-embed/8.2.0/../../../../riscv-none-embed/lib/rv32imacxw/ilp32/libg_nano.a(lib_a-fseek.o)
                              /usr/share/MRS2/MRS-linux-x64/resources/app/resources/linux/components/WCH/Toolchain/RISC-V Embedded GCC/bin/../lib/gcc/riscv-none-embed/8.2.0/../../../../riscv-none-embed/lib/rv32imacxw/ilp32/libg_nano.a(lib_a-fopen.o) (_fseek_r)
/usr/share/MRS2/MRS-linux-x64/resources/app/resources/linux/components/WCH/Toolchain/RISC-V Embedded GCC/bin/../lib/gcc/riscv-none-embed/8.2.0/../../../../riscv-none-embed/lib/rv32imacxw/ilp32/libg_nano.a(lib_a-fseeko.o)
                              /usr/share/MRS2/MRS-linux-x64/resources/app/resources/linux/components/WCH/Toolchain/RISC-V Embedded GCC/bin/../lib/gcc/riscv-none-embed/8.2.0/../../../../riscv-none-embed/lib/rv32imacxw/ilp32/libg_nano.a(lib_a-fseek.o) (_fseeko_r)
/usr/share/MRS2/MRS-linux-x64/resources/app/resources/linux/components/WCH/Toolchain/RISC-V Embedded GCC/bin/../lib/gcc/riscv-none-embed/8.2.0/../../../../riscv-none-embed/lib/rv32imacxw/ilp32/libg_nano.a(lib_a-fwalk.o)
                              /usr/share/MRS2/MRS-linux-x64/resources/app/resources/linux/components/WCH/Toolchain/RISC-V Embedded GCC/bin/../lib/gcc/riscv-none-embed/8.2.0/../../../../riscv-none-embed/lib/rv32imacxw/ilp32/libg_nano.a(lib_a-findfp.o) (_fwalk)
[...]
Memory Configuration

Name             Origin             Length             Attributes
FLASH            0x0000000000000000 0x0000000000020000 xr
RAM              0x0000000020000000 0x0000000000008000 xrw
*default*        0x0000000000000000 0xffffffffffffffff

Linker script and memory map

LOAD ./User/ed25519/add_scalar.o
LOAD ./User/ed25519/fe.o
LOAD ./User/ed25519/ge.o
LOAD ./User/ed25519/key_exchange.o
LOAD ./User/ed25519/keypair.o
LOAD ./User/ed25519/sc.o
LOAD ./User/ed25519/seed.o
LOAD ./User/ed25519/sha512.o
LOAD ./User/ed25519/sign.o
LOAD ./User/ed25519/verify.o
LOAD ./User/ble.o
LOAD ./User/button.o
LOAD ./User/ch32v30x_it.o
LOAD ./User/flash.o
LOAD ./User/keyfob.o
LOAD ./User/led.o
LOAD ./User/main.o
LOAD ./User/monocypher.o
LOAD ./User/rng.o
LOAD ./User/rs485.o
LOAD ./User/rtc.o
LOAD ./User/system_ch32v30x.o
LOAD ./Startup/startup_ch32v30x_D8C.o
LOAD ./Peripheral/src/ch32v30x_adc.o
LOAD ./Peripheral/src/ch32v30x_bkp.o
LOAD ./Peripheral/src/ch32v30x_can.o
LOAD ./Peripheral/src/ch32v30x_crc.o
LOAD ./Peripheral/src/ch32v30x_dac.o
LOAD ./Peripheral/src/ch32v30x_dbgmcu.o
LOAD ./Peripheral/src/ch32v30x_dma.o
LOAD ./Peripheral/src/ch32v30x_dvp.o
LOAD ./Peripheral/src/ch32v30x_eth.o
LOAD ./Peripheral/src/ch32v30x_exti.o
LOAD ./Peripheral/src/ch32v30x_flash.o
LOAD ./Peripheral/src/ch32v30x_fsmc.o
LOAD ./Peripheral/src/ch32v30x_gpio.o
LOAD ./Peripheral/src/ch32v30x_i2c.o
LOAD ./Peripheral/src/ch32v30x_iwdg.o
LOAD ./Peripheral/src/ch32v30x_misc.o
LOAD ./Peripheral/src/ch32v30x_opa.o
LOAD ./Peripheral/src/ch32v30x_pwr.o
LOAD ./Peripheral/src/ch32v30x_rcc.o
LOAD ./Peripheral/src/ch32v30x_rng.o
LOAD ./Peripheral/src/ch32v30x_rtc.o
LOAD ./Peripheral/src/ch32v30x_sdio.o
LOAD ./Peripheral/src/ch32v30x_spi.o
LOAD ./Peripheral/src/ch32v30x_tim.o
LOAD ./Peripheral/src/ch32v30x_usart.o
LOAD ./Peripheral/src/ch32v30x_wwdg.o
LOAD ./FreeRTOS/portable/MemMang/heap_4.o
LOAD ./FreeRTOS/portable/GCC/RISC-V/port.o
LOAD ./FreeRTOS/portable/GCC/RISC-V/portASM.o
LOAD ./FreeRTOS/croutine.o
LOAD ./FreeRTOS/event_groups.o
LOAD ./FreeRTOS/list.o
LOAD ./FreeRTOS/queue.o
LOAD ./FreeRTOS/stream_buffer.o
LOAD ./FreeRTOS/tasks.o
LOAD ./FreeRTOS/timers.o
LOAD ./Debug/debug.o
LOAD ./Core/core_riscv.o
LOAD /usr/share/MRS2/MRS-linux-x64/resources/app/resources/linux/components/WCH/Toolchain/RISC-V Embedded GCC/bin/../lib/gcc/riscv-none-embed/8.2.0/../../../../riscv-none-embed/lib/rv32imacxw/ilp32/libm.a
LOAD /usr/share/MRS2/MRS-linux-x64/resources/app/resources/linux/components/WCH/Toolchain/RISC-V Embedded GCC/bin/../lib/gcc/riscv-none-embed/8.2.0/rv32imacxw/ilp32/libgcc.a
LOAD /usr/share/MRS2/MRS-linux-x64/resources/app/resources/linux/components/WCH/Toolchain/RISC-V Embedded GCC/bin/../lib/gcc/riscv-none-embed/8.2.0/../../../../riscv-none-embed/lib/rv32imacxw/ilp32/libg_nano.a
LOAD /usr/share/MRS2/MRS-linux-x64/resources/app/resources/linux/components/WCH/Toolchain/RISC-V Embedded GCC/bin/../lib/gcc/riscv-none-embed/8.2.0/../../../../riscv-none-embed/lib/rv32imacxw/ilp32/libc_nano.a
LOAD /usr/share/MRS2/MRS-linux-x64/resources/app/resources/linux/components/WCH/Toolchain/RISC-V Embedded GCC/bin/../lib/gcc/riscv-none-embed/8.2.0/rv32imacxw/ilp32/libgcc.a
START GROUP
LOAD /usr/share/MRS2/MRS-linux-x64/resources/app/resources/linux/components/WCH/Toolchain/RISC-V Embedded GCC/bin/../lib/gcc/riscv-none-embed/8.2.0/rv32imacxw/ilp32/libgcc.a
LOAD /usr/share/MRS2/MRS-linux-x64/resources/app/resources/linux/components/WCH/Toolchain/RISC-V Embedded GCC/bin/../lib/gcc/riscv-none-embed/8.2.0/../../../../riscv-none-embed/lib/rv32imacxw/ilp32/libc_nano.a
LOAD /usr/share/MRS2/MRS-linux-x64/resources/app/resources/linux/components/WCH/Toolchain/RISC-V Embedded GCC/bin/../lib/gcc/riscv-none-embed/8.2.0/../../../../riscv-none-embed/lib/rv32imacxw/ilp32/libnosys.a
END GROUP
START GROUP
LOAD /usr/share/MRS2/MRS-linux-x64/resources/app/resources/linux/components/WCH/Toolchain/RISC-V Embedded GCC/bin/../lib/gcc/riscv-none-embed/8.2.0/rv32imacxw/ilp32/libgcc.a
LOAD /usr/share/MRS2/MRS-linux-x64/resources/app/resources/linux/components/WCH/Toolchain/RISC-V Embedded GCC/bin/../lib/gcc/riscv-none-embed/8.2.0/../../../../riscv-none-embed/lib/rv32imacxw/ilp32/libc_nano.a
LOAD /usr/share/MRS2/MRS-linux-x64/resources/app/resources/linux/components/WCH/Toolchain/RISC-V Embedded GCC/bin/../lib/gcc/riscv-none-embed/8.2.0/../../../../riscv-none-embed/lib/rv32imacxw/ilp32/libnosys.a
END GROUP
                0x0000000000000800                __stack_size = 0x800
                [!provide]                        PROVIDE (_stack_size = __stack_size)

.init           0x0000000000000000        0x4
                0x0000000000000000                _sinit = .
                0x0000000000000000                . = ALIGN (0x4)
 *(SORT_NONE(.init))
 .init          0x0000000000000000        0x4 ./Startup/startup_ch32v30x_D8C.o
                0x0000000000000000                _start
                0x0000000000000004                . = ALIGN (0x4)
                0x0000000000000004                _einit = .

.vector         0x0000000000000004      0x1bc
 *(.vector)
 .vector        0x0000000000000004      0x1a0 ./Startup/startup_ch32v30x_D8C.o
                0x00000000000001c0                . = ALIGN (0x40)
 *fill*         0x00000000000001a4       0x1c 

.text           0x0000000000000200    0x14ce8
                0x0000000000000200                . = ALIGN (0x4)
 *(.text)
 .text          0x0000000000000200      0x2e6 ./FreeRTOS/portable/GCC/RISC-V/portASM.o
                0x0000000000000200                SW_Handler
                0x0000000000000300                xPortStartFirstTask
                0x0000000000000400                pxPortInitialiseStack
 .text          0x00000000000004e6       0x60 /usr/share/MRS2/MRS-linux-x64/resources/app/resources/linux/components/WCH/Toolchain/RISC-V Embedded GCC/bin/../lib/gcc/riscv-none-embed/8.2.0/rv32imacxw/ilp32/libgcc.a(save-restore.o)
                0x00000000000004e6                __riscv_save_12
                0x00000000000004ee                __riscv_save_8
                0x00000000000004ee                __riscv_save_11
                0x00000000000004ee                __riscv_save_9
                0x00000000000004ee                __riscv_save_10
                0x00000000000004fc                __riscv_save_7
                0x00000000000004fc                __riscv_save_4
                0x00000000000004fc                __riscv_save_6
                0x00000000000004fc                __riscv_save_5
                0x0000000000000516                __riscv_save_1
                0x0000000000000516                __riscv_save_3
                0x0000000000000516                __riscv_save_2
                0x0000000000000516                __riscv_save_0
                0x0000000000000522                __riscv_restore_12
                0x0000000000000526                __riscv_restore_10
                0x0000000000000526                __riscv_restore_11
                0x0000000000000526                __riscv_restore_8
                0x0000000000000526                __riscv_restore_9
                0x0000000000000530                __riscv_restore_5
                0x0000000000000530                __riscv_restore_6
                0x0000000000000530                __riscv_restore_4
                0x0000000000000530                __riscv_restore_7
                0x000000000000053a                __riscv_restore_3
                0x000000000000053a                __riscv_restore_2
                0x000000000000053a                __riscv_restore_0
                0x000000000000053a                __riscv_restore_1
 .text          0x0000000000000546       0xa8 /usr/share/MRS2/MRS-linux-x64/resources/app/resources/linux/components/WCH/Toolchain/RISC-V Embedded GCC/bin/../lib/gcc/riscv-none-embed/8.2.0/../../../../riscv-none-embed/lib/rv32imacxw/ilp32/libg_nano.a(lib_a-memset.o)
                0x0000000000000546                memset
 *(.text.*)
 .text.load_3   0x00000000000005ee       0x14 ./User/ed25519/fe.o
 .text.fe_0     0x0000000000000602       0x2a ./User/ed25519/fe.o
                0x0000000000000602                fe_0
 .text.fe_1     0x000000000000062c       0x2a ./User/ed25519/fe.o
                0x000000000000062c                fe_1
 .text.fe_add   0x0000000000000656       0x6c ./User/ed25519/fe.o
                0x0000000000000656                fe_add
 .text.fe_cmov  0x00000000000006c2       0xfc ./User/ed25519/fe.o
                0x00000000000006c2                fe_cmov
 .text.fe_copy  0x00000000000007be       0x42 ./User/ed25519/fe.o
                0x00000000000007be                fe_copy
 .text.fe_frombytes
                0x0000000000000800      0x294 ./User/ed25519/fe.o
                0x0000000000000800                fe_frombytes
 .text.fe_mul   0x0000000000000a94      0xaac ./User/ed25519/fe.o
                0x0000000000000a94                fe_mul
 .text.fe_neg   0x0000000000001540       0x66 ./User/ed25519/fe.o
                0x0000000000001540                fe_neg
 .text.fe_sq    0x00000000000015a6      0x690 ./User/ed25519/fe.o
                0x00000000000015a6                fe_sq
 .text.fe_invert
                0x0000000000001c36      0x12a ./User/ed25519/fe.o
                0x0000000000001c36                fe_invert
 .text.fe_pow22523
                0x0000000000001d60      0x14c ./User/ed25519/fe.o
                0x0000000000001d60                fe_pow22523
 .text.fe_sq2   0x0000000000001eac      0x714 ./User/ed25519/fe.o
                0x0000000000001eac                fe_sq2
 .text.fe_sub   0x00000000000025c0       0x7a ./User/ed25519/fe.o
                0x00000000000025c0                fe_sub
 .text.fe_tobytes
                0x000000000000263a      0x202 ./User/ed25519/fe.o
                0x000000000000263a                fe_tobytes
 .text.fe_isnegative
                0x000000000000283c       0x16 ./User/ed25519/fe.o
                0x000000000000283c                fe_isnegative
 .text.fe_isnonzero
                0x0000000000002852       0xb4 ./User/ed25519/fe.o
                0x0000000000002852                fe_isnonzero
 .text.slide    0x0000000000002906       0xaa ./User/ed25519/ge.o
 .text.cmov     0x00000000000029b0       0x2e ./User/ed25519/ge.o
 .text.select   0x00000000000029de       0xf6 ./User/ed25519/ge.o
 .text.ge_add   0x0000000000002ad4       0x92 ./User/ed25519/ge.o
                0x0000000000002ad4                ge_add
 .text.ge_frombytes_negate_vartime
                0x0000000000002b66      0x100 ./User/ed25519/ge.o
                0x0000000000002b66                ge_frombytes_negate_vartime
 .text.ge_madd  0x0000000000002c66       0x8c ./User/ed25519/ge.o
                0x0000000000002c66                ge_madd
 .text.ge_msub  0x0000000000002cf2       0x8c ./User/ed25519/ge.o
                0x0000000000002cf2                ge_msub
 .text.ge_p1p1_to_p2
                0x0000000000002d7e       0x34 ./User/ed25519/ge.o
                0x0000000000002d7e                ge_p1p1_to_p2
 .text.ge_p1p1_to_p3
                0x0000000000002db2       0x42 ./User/ed25519/ge.o
                0x0000000000002db2                ge_p1p1_to_p3
 .text.ge_p2_0  0x0000000000002df4       0x1e ./User/ed25519/ge.o
                0x0000000000002df4                ge_p2_0
 .text.ge_p2_dbl
                0x0000000000002e12       0x72 ./User/ed25519/ge.o
                0x0000000000002e12                ge_p2_dbl
 .text.ge_p3_0  0x0000000000002e84       0x26 ./User/ed25519/ge.o
                0x0000000000002e84                ge_p3_0
 .text.ge_p3_to_cached
                0x0000000000002eaa       0x42 ./User/ed25519/ge.o
                0x0000000000002eaa                ge_p3_to_cached
 .text.ge_p3_to_p2
                0x0000000000002eec       0x28 ./User/ed25519/ge.o
                0x0000000000002eec                ge_p3_to_p2
 .text.ge_p3_dbl
                0x0000000000002f14       0x18 ./User/ed25519/ge.o
                0x0000000000002f14                ge_p3_dbl
 .text.ge_p3_tobytes
                0x0000000000002f2c       0x46 ./User/ed25519/ge.o
                0x0000000000002f2c                ge_p3_tobytes
 .text.ge_scalarmult_base
                0x0000000000002f72       0xf8 ./User/ed25519/ge.o
                0x0000000000002f72                ge_scalarmult_base
 .text.ge_sub   0x000000000000306a       0x98 ./User/ed25519/ge.o
                0x000000000000306a                ge_sub
 .text.ge_double_scalarmult_vartime
                0x0000000000003102      0x238 ./User/ed25519/ge.o
                0x0000000000003102                ge_double_scalarmult_vartime
 .text.ge_tobytes
                0x000000000000333a       0x46 ./User/ed25519/ge.o
                0x000000000000333a                ge_tobytes
 .text.ed25519_create_keypair
                0x0000000000003380       0x3e ./User/ed25519/keypair.o
                0x0000000000003380                ed25519_create_keypair
 .text.load_3   0x00000000000033be       0x14 ./User/ed25519/sc.o
 .text.load_4   0x00000000000033d2       0x18 ./User/ed25519/sc.o
 .text.sc_reduce
                0x00000000000033ea     0x13ee ./User/ed25519/sc.o
                0x00000000000033ea                sc_reduce
 .text.sc_muladd
                0x00000000000047d8     0x28de ./User/ed25519/sc.o
                0x00000000000047d8                sc_muladd
 .text.sha512_compress
                0x00000000000070b6      0xc1a ./User/ed25519/sha512.o
 .text.sha512_init
                0x0000000000007cd0       0x98 ./User/ed25519/sha512.o
                0x0000000000007cd0                sha512_init
 .text.sha512_update
                0x0000000000007d68       0xb2 ./User/ed25519/sha512.o
                0x0000000000007d68                sha512_update
 .text.sha512_final
                0x0000000000007e1a      0x130 ./User/ed25519/sha512.o
                0x0000000000007e1a                sha512_final
 .text.sha512   0x0000000000007f4a       0x30 ./User/ed25519/sha512.o
                0x0000000000007f4a                sha512
 .text.ed25519_sign
                0x0000000000007f7a       0x9a ./User/ed25519/sign.o
                0x0000000000007f7a                ed25519_sign
 .text.ed25519_verify
                0x0000000000008014      0x1b2 ./User/ed25519/verify.o
                0x0000000000008014                ed25519_verify
 .text.ble_data_recv_task
                0x00000000000081c6       0x50 ./User/ble.o
                0x00000000000081c6                ble_data_recv_task
 .text.ble_ctrl_init
                0x0000000000008216       0x72 ./User/ble.o
                0x0000000000008216                ble_ctrl_init
 .text.ble_ctrl_recv_byte
                0x0000000000008288       0x22 ./User/ble.o
                0x0000000000008288                ble_ctrl_recv_byte
 .text.ble_ctrl_check
                0x00000000000082aa       0x12 ./User/ble.o
                0x00000000000082aa                ble_ctrl_check
 .text.ble_ctrl_send_byte
                0x00000000000082bc       0x22 ./User/ble.o
                0x00000000000082bc                ble_ctrl_send_byte
 .text.ble_ctrl_send_str
                0x00000000000082de       0x14 ./User/ble.o
                0x00000000000082de                ble_ctrl_send_str
 .text.ble_ctrl_send_dat
                0x00000000000082f2       0x1a ./User/ble.o
                0x00000000000082f2                ble_ctrl_send_dat
 .text.ble_set_name
                0x000000000000830c       0x26 ./User/ble.o
                0x000000000000830c                ble_set_name
 .text.ble_set_passkey
                0x0000000000008332       0x2a ./User/ble.o
                0x0000000000008332                ble_set_passkey
 .text.ble_ctrl_simple
                0x000000000000835c       0x1c ./User/ble.o
                0x000000000000835c                ble_ctrl_simple
 .text.ble_set_advert
                0x0000000000008378       0x14 ./User/ble.o
                0x0000000000008378                ble_set_advert
 .text.ble_factory_reset
                0x000000000000838c       0x10 ./User/ble.o
                0x000000000000838c                ble_factory_reset
 .text.ble_continue
                0x000000000000839c       0x10 ./User/ble.o
                0x000000000000839c                ble_continue
 .text.ble_set_serial
                0x00000000000083ac       0x2c ./User/ble.o
                0x00000000000083ac                ble_set_serial
 .text.ble_data_init
                0x00000000000083d8       0x92 ./User/ble.o
                0x00000000000083d8                ble_data_init
 .text.ble_data_byte
                0x000000000000846a       0x34 ./User/ble.o
                0x000000000000846a                ble_data_byte
 .text.ble_data_send
                0x000000000000849e       0x1c ./User/ble.o
                0x000000000000849e                ble_data_send
 .text.USART2_IRQHandler
                0x00000000000084ba       0x2a ./User/ble.o
                0x00000000000084ba                USART2_IRQHandler
 .text.ble_status_get
                0x00000000000084e4       0x2a ./User/ble.o
                0x00000000000084e4                ble_status_get
 .text.ble_status_init
                0x000000000000850e       0x34 ./User/ble.o
                0x000000000000850e                ble_status_init
 .text.ble_init
                0x0000000000008542       0x60 ./User/ble.o
                0x0000000000008542                ble_init
 .text.button_get
                0x00000000000085a2       0x16 ./User/button.o
                0x00000000000085a2                button_get
 .text.button_task
                0x00000000000085b8       0x5e ./User/button.o
                0x00000000000085b8                button_task
 .text.button_init
                0x0000000000008616       0x6e ./User/button.o
                0x0000000000008616                button_init
 .text.NMI_Handler
                0x0000000000008684        0x2 ./User/ch32v30x_it.o
                0x0000000000008684                NMI_Handler
 .text.HardFault_Handler
                0x0000000000008686       0x10 ./User/ch32v30x_it.o
                0x0000000000008686                HardFault_Handler
 .text.flash_spi
                0x0000000000008696       0x3c ./User/flash.o
                0x0000000000008696                flash_spi
 .text.flash_write_en
                0x00000000000086d2       0x22 ./User/flash.o
                0x00000000000086d2                flash_write_en
 .text.flash_is_busy
                0x00000000000086f4       0x30 ./User/flash.o
                0x00000000000086f4                flash_is_busy
 .text.flash_erase_chip
                0x0000000000008724       0x2e ./User/flash.o
                0x0000000000008724                flash_erase_chip
 .text.flash_erase_sector
                0x0000000000008752       0x50 ./User/flash.o
                0x0000000000008752                flash_erase_sector
 .text.flash_prog
                0x00000000000087a2       0x6c ./User/flash.o
                0x00000000000087a2                flash_prog
 .text.flash_read
                0x000000000000880e       0x66 ./User/flash.o
                0x000000000000880e                flash_read
 .text.flash_check_erasure
                0x0000000000008874       0x68 ./User/flash.o
                0x0000000000008874                flash_check_erasure
 .text.flash_init
                0x00000000000088dc       0x64 ./User/flash.o
                0x00000000000088dc                flash_init
 .text.flash_device_info_get
                0x0000000000008940       0x38 ./User/flash.o
                0x0000000000008940                flash_device_info_get
 .text.flash_device_info_set
                0x0000000000008978       0x44 ./User/flash.o
                0x0000000000008978                flash_device_info_set
 .text.flash_user_count
                0x00000000000089bc       0x42 ./User/flash.o
                0x00000000000089bc                flash_user_count
 .text.flash_user_get_at
                0x00000000000089fe       0x38 ./User/flash.o
                0x00000000000089fe                flash_user_get_at
 .text.flash_user_search
                0x0000000000008a36       0x64 ./User/flash.o
                0x0000000000008a36                flash_user_search
 .text.flash_user_add
                0x0000000000008a9a       0x3e ./User/flash.o
                0x0000000000008a9a                flash_user_add
 .text.flash_user_overwrite
                0x0000000000008ad8       0x32 ./User/flash.o
                0x0000000000008ad8                flash_user_overwrite
 .text.flash_user_block
                0x0000000000008b0a       0x54 ./User/flash.o
                0x0000000000008b0a                flash_user_block
 .text.keyfob   0x0000000000008b5e       0x80 ./User/keyfob.o
                0x0000000000008b5e                keyfob
 .text.keyfob_task
                0x0000000000008bde       0x26 ./User/keyfob.o
                0x0000000000008bde                keyfob_task
 .text.keyfob_set
                0x0000000000008c04       0x22 ./User/keyfob.o
                0x0000000000008c04                keyfob_set
 .text.keyfob_init
                0x0000000000008c26       0x78 ./User/keyfob.o
                0x0000000000008c26                keyfob_init
 .text.led_set  0x0000000000008c9e       0x20 ./User/led.o
                0x0000000000008c9e                led_set
 .text.led_set_state
                0x0000000000008cbe       0x22 ./User/led.o
                0x0000000000008cbe                led_set_state
 .text.led_time_set
                0x0000000000008ce0       0x2a ./User/led.o
                0x0000000000008ce0                led_time_set
 .text.led_task
                0x0000000000008d0a       0x84 ./User/led.o
                0x0000000000008d0a                led_task
 .text.led_init
                0x0000000000008d8e       0x72 ./User/led.o
                0x0000000000008d8e                led_init
 .text.app_get_reset_reason
                0x0000000000008e00       0x5e ./User/main.o
                0x0000000000008e00                app_get_reset_reason
 .text.app_out_generate
                0x0000000000008e5e       0x48 ./User/main.o
                0x0000000000008e5e                app_out_generate
 .text.app_out_generate_short
                0x0000000000008ea6       0x10 ./User/main.o
                0x0000000000008ea6                app_out_generate_short
 .text.rtc_check_range
                0x0000000000008eb6       0x2c ./User/main.o
                0x0000000000008eb6                rtc_check_range
 .text.app_check_new_name
                0x0000000000008ee2       0x22 ./User/main.o
                0x0000000000008ee2                app_check_new_name
 .text.app_generate_nonce
                0x0000000000008f04       0x20 ./User/main.o
                0x0000000000008f04                app_generate_nonce
 .text.app_in_logic
                0x0000000000008f24      0x3ea ./User/main.o
                0x0000000000008f24                app_in_logic
 .text.app_out_reply
                0x000000000000930e       0x42 ./User/main.o
                0x000000000000930e                app_out_reply
 .text.app_ble_config
                0x0000000000009350       0x38 ./User/main.o
                0x0000000000009350                app_ble_config
 .text.app_factory_reset
                0x0000000000009388       0x6e ./User/main.o
                0x0000000000009388                app_factory_reset
 .text.app_task
                0x00000000000093f6       0x9e ./User/main.o
                0x00000000000093f6                app_task
 .text.app_init
                0x0000000000009494       0x2c ./User/main.o
                0x0000000000009494                app_init
 .text.wdt_init
                0x00000000000094c0       0x28 ./User/main.o
                0x00000000000094c0                wdt_init
 .text.startup.main
                0x00000000000094e8       0x7a ./User/main.o
                0x00000000000094e8                main
 .text.rng_init
                0x0000000000009562       0x18 ./User/rng.o
                0x0000000000009562                rng_init
 .text.rng_get  0x000000000000957a       0x26 ./User/rng.o
                0x000000000000957a                rng_get
 .text.rs_recv_task
                0x00000000000095a0       0x56 ./User/rs485.o
                0x00000000000095a0                rs_recv_task
 .text.rs_send  0x00000000000095f6       0x5c ./User/rs485.o
                0x00000000000095f6                rs_send
 .text.USART1_IRQHandler
                0x0000000000009652       0x2a ./User/rs485.o
                0x0000000000009652                USART1_IRQHandler
 .text.rs_init  0x000000000000967c       0xec ./User/rs485.o
                0x000000000000967c                rs_init
 .text.rtc_get  0x0000000000009768        0xc ./User/rtc.o
                0x0000000000009768                rtc_get
 .text.rtc_set  0x0000000000009774       0x22 ./User/rtc.o
                0x0000000000009774                rtc_set
 .text.rtc_init
                0x0000000000009796       0x54 ./User/rtc.o
                0x0000000000009796                rtc_init
 .text.SystemInit
                0x00000000000097ea       0xfa ./User/system_ch32v30x.o
                0x00000000000097ea                SystemInit
 .text.SystemCoreClockUpdate
                0x00000000000098e4      0x12e ./User/system_ch32v30x.o
                0x00000000000098e4                SystemCoreClockUpdate
 .text.vector_handler
                0x0000000000009a12        0x2 ./Startup/startup_ch32v30x_D8C.o
                0x0000000000009a12                EXTI2_IRQHandler
                0x0000000000009a12                TIM8_TRG_COM_IRQHandler
                0x0000000000009a12                TIM8_CC_IRQHandler
                0x0000000000009a12                UART8_IRQHandler
                0x0000000000009a12                TIM1_CC_IRQHandler
                0x0000000000009a12                TIM6_IRQHandler
                0x0000000000009a12                PVD_IRQHandler
                0x0000000000009a12                SDIO_IRQHandler
                0x0000000000009a12                TIM9_BRK_IRQHandler
                0x0000000000009a12                DMA2_Channel8_IRQHandler
                0x0000000000009a12                CAN2_RX1_IRQHandler
                0x0000000000009a12                EXTI3_IRQHandler
                0x0000000000009a12                USBHS_IRQHandler
                0x0000000000009a12                DMA2_Channel9_IRQHandler
                0x0000000000009a12                TIM10_CC_IRQHandler
                0x0000000000009a12                USBFS_IRQHandler
                0x0000000000009a12                EXTI0_IRQHandler
                0x0000000000009a12                I2C2_EV_IRQHandler
                0x0000000000009a12                TIM10_TRG_COM_IRQHandler
                0x0000000000009a12                CAN2_SCE_IRQHandler
                0x0000000000009a12                ADC1_2_IRQHandler
                0x0000000000009a12                Break_Point_Handler
                0x0000000000009a12                SPI1_IRQHandler
                0x0000000000009a12                TAMPER_IRQHandler
                0x0000000000009a12                CAN2_RX0_IRQHandler
                0x0000000000009a12                TIM8_UP_IRQHandler
                0x0000000000009a12                Ecall_M_Mode_Handler
                0x0000000000009a12                DMA2_Channel2_IRQHandler
                0x0000000000009a12                DMA1_Channel4_IRQHandler
                0x0000000000009a12                TIM9_UP_IRQHandler
                0x0000000000009a12                USART3_IRQHandler
                0x0000000000009a12                RTC_IRQHandler
                0x0000000000009a12                DMA1_Channel7_IRQHandler
                0x0000000000009a12                CAN1_RX1_IRQHandler
                0x0000000000009a12                DVP_IRQHandler
                0x0000000000009a12                UART5_IRQHandler
                0x0000000000009a12                TIM4_IRQHandler
                0x0000000000009a12                DMA2_Channel1_IRQHandler
                0x0000000000009a12                I2C1_EV_IRQHandler
                0x0000000000009a12                DMA1_Channel6_IRQHandler
                0x0000000000009a12                UART4_IRQHandler
                0x0000000000009a12                DMA2_Channel4_IRQHandler
                0x0000000000009a12                TIM3_IRQHandler
                0x0000000000009a12                RCC_IRQHandler
                0x0000000000009a12                TIM1_TRG_COM_IRQHandler
                0x0000000000009a12                DMA1_Channel1_IRQHandler
                0x0000000000009a12                DMA2_Channel7_IRQHandler
                0x0000000000009a12                EXTI15_10_IRQHandler
                0x0000000000009a12                TIM7_IRQHandler
                0x0000000000009a12                CAN2_TX_IRQHandler
                0x0000000000009a12                TIM5_IRQHandler
                0x0000000000009a12                EXTI9_5_IRQHandler
                0x0000000000009a12                ETH_WKUP_IRQHandler
                0x0000000000009a12                SPI2_IRQHandler
                0x0000000000009a12                TIM10_BRK_IRQHandler
                0x0000000000009a12                TIM9_CC_IRQHandler
                0x0000000000009a12                DMA2_Channel5_IRQHandler
                0x0000000000009a12                DMA1_Channel5_IRQHandler
                0x0000000000009a12                EXTI4_IRQHandler
                0x0000000000009a12                USB_LP_CAN1_RX0_IRQHandler
                0x0000000000009a12                RNG_IRQHandler
                0x0000000000009a12                USB_HP_CAN1_TX_IRQHandler
                0x0000000000009a12                DMA1_Channel3_IRQHandler
                0x0000000000009a12                ETH_IRQHandler
                0x0000000000009a12                TIM1_UP_IRQHandler
                0x0000000000009a12                WWDG_IRQHandler
                0x0000000000009a12                USBHSWakeup_IRQHandler
                0x0000000000009a12                DMA2_Channel11_IRQHandler
                0x0000000000009a12                Ecall_U_Mode_Handler
                0x0000000000009a12                DMA2_Channel6_IRQHandler
                0x0000000000009a12                TIM2_IRQHandler
                0x0000000000009a12                TIM1_BRK_IRQHandler
                0x0000000000009a12                DMA2_Channel10_IRQHandler
                0x0000000000009a12                EXTI1_IRQHandler
                0x0000000000009a12                RTCAlarm_IRQHandler
                0x0000000000009a12                TIM10_UP_IRQHandler
                0x0000000000009a12                TIM9_TRG_COM_IRQHandler
                0x0000000000009a12                UART7_IRQHandler
                0x0000000000009a12                UART6_IRQHandler
                0x0000000000009a12                I2C2_ER_IRQHandler
                0x0000000000009a12                DMA1_Channel2_IRQHandler
                0x0000000000009a12                TIM8_BRK_IRQHandler
                0x0000000000009a12                CAN1_SCE_IRQHandler
                0x0000000000009a12                FLASH_IRQHandler
                0x0000000000009a12                SPI3_IRQHandler
                0x0000000000009a12                I2C1_ER_IRQHandler
                0x0000000000009a12                USBWakeUp_IRQHandler
                0x0000000000009a12                DMA2_Channel3_IRQHandler
 .text.handle_reset
                0x0000000000009a14       0x92 ./Startup/startup_ch32v30x_D8C.o
                0x0000000000009a14                handle_reset
 .text.BKP_DeInit
                0x0000000000009aa6       0x10 ./Peripheral/src/ch32v30x_bkp.o
                0x0000000000009aa6                BKP_DeInit
 .text.BKP_WriteBackupRegister
                0x0000000000009ab6       0x1c ./Peripheral/src/ch32v30x_bkp.o
                0x0000000000009ab6                BKP_WriteBackupRegister
 .text.BKP_ReadBackupRegister
                0x0000000000009ad2       0x1c ./Peripheral/src/ch32v30x_bkp.o
                0x0000000000009ad2                BKP_ReadBackupRegister
 .text.GPIO_Init
                0x0000000000009aee       0xc0 ./Peripheral/src/ch32v30x_gpio.o
                0x0000000000009aee                GPIO_Init
 .text.GPIO_ReadInputDataBit
                0x0000000000009bae        0xa ./Peripheral/src/ch32v30x_gpio.o
                0x0000000000009bae                GPIO_ReadInputDataBit
 .text.GPIO_SetBits
                0x0000000000009bb8        0x4 ./Peripheral/src/ch32v30x_gpio.o
                0x0000000000009bb8                GPIO_SetBits
 .text.GPIO_ResetBits
                0x0000000000009bbc        0x4 ./Peripheral/src/ch32v30x_gpio.o
                0x0000000000009bbc                GPIO_ResetBits
 .text.IWDG_WriteAccessCmd
                0x0000000000009bc0        0x8 ./Peripheral/src/ch32v30x_iwdg.o
                0x0000000000009bc0                IWDG_WriteAccessCmd
 .text.IWDG_SetPrescaler
                0x0000000000009bc8        0x8 ./Peripheral/src/ch32v30x_iwdg.o
                0x0000000000009bc8                IWDG_SetPrescaler
 .text.IWDG_SetReload
                0x0000000000009bd0        0x8 ./Peripheral/src/ch32v30x_iwdg.o
                0x0000000000009bd0                IWDG_SetReload
 .text.IWDG_ReloadCounter
                0x0000000000009bd8        0xe ./Peripheral/src/ch32v30x_iwdg.o
                0x0000000000009bd8                IWDG_ReloadCounter
 .text.IWDG_Enable
                0x0000000000009be6       0x18 ./Peripheral/src/ch32v30x_iwdg.o
                0x0000000000009be6                IWDG_Enable
 .text.NVIC_PriorityGroupConfig
                0x0000000000009bfe        0xa ./Peripheral/src/ch32v30x_misc.o
                0x0000000000009bfe                NVIC_PriorityGroupConfig
 .text.PWR_BackupAccessCmd
                0x0000000000009c08       0x16 ./Peripheral/src/ch32v30x_pwr.o
                0x0000000000009c08                PWR_BackupAccessCmd
 .text.RCC_LSEConfig
                0x0000000000009c1e       0x28 ./Peripheral/src/ch32v30x_rcc.o
                0x0000000000009c1e                RCC_LSEConfig
 .text.RCC_RTCCLKConfig
                0x0000000000009c46        0xc ./Peripheral/src/ch32v30x_rcc.o
                0x0000000000009c46                RCC_RTCCLKConfig
 .text.RCC_RTCCLKCmd
                0x0000000000009c52       0x20 ./Peripheral/src/ch32v30x_rcc.o
                0x0000000000009c52                RCC_RTCCLKCmd
 .text.RCC_GetClocksFreq
                0x0000000000009c72      0x176 ./Peripheral/src/ch32v30x_rcc.o
                0x0000000000009c72                RCC_GetClocksFreq
 .text.RCC_AHBPeriphClockCmd
                0x0000000000009de8       0x1e ./Peripheral/src/ch32v30x_rcc.o
                0x0000000000009de8                RCC_AHBPeriphClockCmd
 .text.RCC_APB2PeriphClockCmd
                0x0000000000009e06       0x1e ./Peripheral/src/ch32v30x_rcc.o
                0x0000000000009e06                RCC_APB2PeriphClockCmd
 .text.RCC_APB1PeriphClockCmd
                0x0000000000009e24       0x1e ./Peripheral/src/ch32v30x_rcc.o
                0x0000000000009e24                RCC_APB1PeriphClockCmd
 .text.RCC_BackupResetCmd
                0x0000000000009e42       0x20 ./Peripheral/src/ch32v30x_rcc.o
                0x0000000000009e42                RCC_BackupResetCmd
 .text.RCC_GetFlagStatus
                0x0000000000009e62       0x2e ./Peripheral/src/ch32v30x_rcc.o
                0x0000000000009e62                RCC_GetFlagStatus
 .text.RNG_Cmd  0x0000000000009e90       0x18 ./Peripheral/src/ch32v30x_rng.o
                0x0000000000009e90                RNG_Cmd
 .text.RNG_GetRandomNumber
                0x0000000000009ea8        0xa ./Peripheral/src/ch32v30x_rng.o
                0x0000000000009ea8                RNG_GetRandomNumber
 .text.RNG_GetFlagStatus
                0x0000000000009eb2       0x12 ./Peripheral/src/ch32v30x_rng.o
                0x0000000000009eb2                RNG_GetFlagStatus
 .text.RTC_EnterConfigMode
                0x0000000000009ec4       0x12 ./Peripheral/src/ch32v30x_rtc.o
                0x0000000000009ec4                RTC_EnterConfigMode
 .text.RTC_ExitConfigMode
                0x0000000000009ed6       0x18 ./Peripheral/src/ch32v30x_rtc.o
                0x0000000000009ed6                RTC_ExitConfigMode
 .text.RTC_GetCounter
                0x0000000000009eee       0x5a ./Peripheral/src/ch32v30x_rtc.o
                0x0000000000009eee                RTC_GetCounter
 .text.RTC_SetCounter
                0x0000000000009f48       0x2c ./Peripheral/src/ch32v30x_rtc.o
                0x0000000000009f48                RTC_SetCounter
 .text.RTC_SetPrescaler
                0x0000000000009f74       0x2e ./Peripheral/src/ch32v30x_rtc.o
                0x0000000000009f74                RTC_SetPrescaler
 .text.RTC_WaitForLastTask
                0x0000000000009fa2       0x10 ./Peripheral/src/ch32v30x_rtc.o
                0x0000000000009fa2                RTC_WaitForLastTask
 .text.SPI_Init
                0x0000000000009fb2       0x3e ./Peripheral/src/ch32v30x_spi.o
                0x0000000000009fb2                SPI_Init
 .text.SPI_Cmd  0x0000000000009ff0       0x1a ./Peripheral/src/ch32v30x_spi.o
                0x0000000000009ff0                SPI_Cmd
 .text.SPI_SSOutputCmd
                0x000000000000a00a       0x18 ./Peripheral/src/ch32v30x_spi.o
                0x000000000000a00a                SPI_SSOutputCmd
 .text.SPI_I2S_GetFlagStatus
                0x000000000000a022        0xa ./Peripheral/src/ch32v30x_spi.o
                0x000000000000a022                SPI_I2S_GetFlagStatus
 .text.USART_Init
                0x000000000000a02c       0x90 ./Peripheral/src/ch32v30x_usart.o
                0x000000000000a02c                USART_Init
 .text.USART_Cmd
                0x000000000000a0bc       0x16 ./Peripheral/src/ch32v30x_usart.o
                0x000000000000a0bc                USART_Cmd
 .text.USART_ITConfig
                0x000000000000a0d2       0x36 ./Peripheral/src/ch32v30x_usart.o
                0x000000000000a0d2                USART_ITConfig
 .text.USART_SendData
                0x000000000000a108        0x8 ./Peripheral/src/ch32v30x_usart.o
                0x000000000000a108                USART_SendData
 .text.USART_ReceiveData
                0x000000000000a110        0x8 ./Peripheral/src/ch32v30x_usart.o
                0x000000000000a110                USART_ReceiveData
 .text.USART_GetFlagStatus
                0x000000000000a118        0xa ./Peripheral/src/ch32v30x_usart.o
                0x000000000000a118                USART_GetFlagStatus
 .text.prvInsertBlockIntoFreeList
                0x000000000000a122       0x4c ./FreeRTOS/portable/MemMang/heap_4.o
 .text.pvPortMalloc
                0x000000000000a16e      0x18e ./FreeRTOS/portable/MemMang/heap_4.o
                0x000000000000a16e                pvPortMalloc
 .text.vPortFree
                0x000000000000a2fc       0xa8 ./FreeRTOS/portable/MemMang/heap_4.o
                0x000000000000a2fc                vPortFree
 .text.vPortSetupTimerInterrupt
                0x000000000000a3a4       0x3e ./FreeRTOS/portable/GCC/RISC-V/port.o
                0x000000000000a3a4                vPortSetupTimerInterrupt
 .text.xPortStartScheduler
                0x000000000000a3e2       0x90 ./FreeRTOS/portable/GCC/RISC-V/port.o
                0x000000000000a3e2                xPortStartScheduler
 .text.SysTick_Handler
                0x000000000000a472       0x38 ./FreeRTOS/portable/GCC/RISC-V/port.o
                0x000000000000a472                SysTick_Handler
 .text.vPortEnterCritical
                0x000000000000a4aa       0x16 ./FreeRTOS/portable/GCC/RISC-V/port.o
                0x000000000000a4aa                vPortEnterCritical
 .text.vPortExitCritical
                0x000000000000a4c0       0x42 ./FreeRTOS/portable/GCC/RISC-V/port.o
                0x000000000000a4c0                vPortExitCritical
 .text.xPortSetInterruptMask
                0x000000000000a502        0xc ./FreeRTOS/portable/GCC/RISC-V/port.o
                0x000000000000a502                xPortSetInterruptMask
 .text.vPortClearInterruptMask
                0x000000000000a50e        0x6 ./FreeRTOS/portable/GCC/RISC-V/port.o
                0x000000000000a50e                vPortClearInterruptMask
 .text.vListInitialise
                0x000000000000a514       0x14 ./FreeRTOS/list.o
                0x000000000000a514                vListInitialise
 .text.vListInitialiseItem
                0x000000000000a528        0x6 ./FreeRTOS/list.o
                0x000000000000a528                vListInitialiseItem
 .text.vListInsert
                0x000000000000a52e       0x2e ./FreeRTOS/list.o
                0x000000000000a52e                vListInsert
 .text.uxListRemove
                0x000000000000a55c       0x20 ./FreeRTOS/list.o
                0x000000000000a55c                uxListRemove
 .text.prvIsQueueEmpty
                0x000000000000a57c       0x1e ./FreeRTOS/queue.o
 .text.prvCopyDataToQueue
                0x000000000000a59a       0x72 ./FreeRTOS/queue.o
 .text.prvCopyDataFromQueue
                0x000000000000a60c       0x28 ./FreeRTOS/queue.o
 .text.prvUnlockQueue
                0x000000000000a634       0x76 ./FreeRTOS/queue.o
 .text.xQueueGenericReset
                0x000000000000a6aa       0xc4 ./FreeRTOS/queue.o
                0x000000000000a6aa                xQueueGenericReset
 .text.xQueueGenericCreate
                0x000000000000a76e       0x6e ./FreeRTOS/queue.o
                0x000000000000a76e                xQueueGenericCreate
 .text.xQueueGenericSend
                0x000000000000a7dc      0x1a8 ./FreeRTOS/queue.o
                0x000000000000a7dc                xQueueGenericSend
 .text.xQueueGenericSendFromISR
                0x000000000000a984      0x128 ./FreeRTOS/queue.o
                0x000000000000a984                xQueueGenericSendFromISR
 .text.xQueueReceive
                0x000000000000aaac      0x15e ./FreeRTOS/queue.o
                0x000000000000aaac                xQueueReceive
 .text.vQueueAddToRegistry
                0x000000000000ac0a       0x6c ./FreeRTOS/queue.o
                0x000000000000ac0a                vQueueAddToRegistry
 .text.vQueueWaitForMessageRestricted
                0x000000000000ac76       0x5c ./FreeRTOS/queue.o
                0x000000000000ac76                vQueueWaitForMessageRestricted
 .text.prvResetNextTaskUnblockTime
                0x000000000000acd2       0x24 ./FreeRTOS/tasks.o
 .text.prvAddCurrentTaskToDelayedList
                0x000000000000acf6       0xa6 ./FreeRTOS/tasks.o
 .text.prvIdleTask
                0x000000000000ad9c       0x52 ./FreeRTOS/tasks.o
 .text.xTaskCreate
                0x000000000000adee      0x204 ./FreeRTOS/tasks.o
                0x000000000000adee                xTaskCreate
 .text.vTaskStartScheduler
                0x000000000000aff2       0x92 ./FreeRTOS/tasks.o
                0x000000000000aff2                vTaskStartScheduler
 .text.vTaskSuspendAll
                0x000000000000b084       0x10 ./FreeRTOS/tasks.o
                0x000000000000b084                vTaskSuspendAll
 .text.xTaskGetTickCount
                0x000000000000b094        0xa ./FreeRTOS/tasks.o
                0x000000000000b094                xTaskGetTickCount
 .text.xTaskIncrementTick
                0x000000000000b09e      0x1ac ./FreeRTOS/tasks.o
                0x000000000000b09e                xTaskIncrementTick
 .text.xTaskResumeAll
                0x000000000000b24a      0x168 ./FreeRTOS/tasks.o
                0x000000000000b24a                xTaskResumeAll
 .text.vTaskDelay
                0x000000000000b3b2       0x66 ./FreeRTOS/tasks.o
                0x000000000000b3b2                vTaskDelay
 .text.vTaskSwitchContext
                0x000000000000b418       0x9a ./FreeRTOS/tasks.o
                0x000000000000b418                vTaskSwitchContext
 .text.vTaskPlaceOnEventList
                0x000000000000b4b2       0x48 ./FreeRTOS/tasks.o
                0x000000000000b4b2                vTaskPlaceOnEventList
 .text.vTaskPlaceOnEventListRestricted
                0x000000000000b4fa       0x76 ./FreeRTOS/tasks.o
                0x000000000000b4fa                vTaskPlaceOnEventListRestricted
 .text.xTaskRemoveFromEventList
                0x000000000000b570       0xec ./FreeRTOS/tasks.o
                0x000000000000b570                xTaskRemoveFromEventList
 .text.vTaskInternalSetTimeOutState
                0x000000000000b65c       0x16 ./FreeRTOS/tasks.o
                0x000000000000b65c                vTaskInternalSetTimeOutState
 .text.xTaskCheckForTimeOut
                0x000000000000b672       0xca ./FreeRTOS/tasks.o
                0x000000000000b672                xTaskCheckForTimeOut
 .text.vTaskMissedYield
                0x000000000000b73c        0xc ./FreeRTOS/tasks.o
                0x000000000000b73c                vTaskMissedYield
 .text.xTaskGetSchedulerState
                0x000000000000b748       0x1c ./FreeRTOS/tasks.o
                0x000000000000b748                xTaskGetSchedulerState
 .text.xTaskPriorityDisinherit
                0x000000000000b764       0xca ./FreeRTOS/tasks.o
                0x000000000000b764                xTaskPriorityDisinherit
 .text.prvCheckForValidListAndQueue
                0x000000000000b82e       0x66 ./FreeRTOS/timers.o
 .text.prvInsertTimerInActiveList
                0x000000000000b894       0x46 ./FreeRTOS/timers.o
 .text.prvReloadTimer
                0x000000000000b8da       0x2a ./FreeRTOS/timers.o
 .text.prvProcessExpiredTimer
                0x000000000000b904       0x46 ./FreeRTOS/timers.o
 .text.prvSwitchTimerLists
                0x000000000000b94a       0x30 ./FreeRTOS/timers.o
 .text.prvTimerTask
                0x000000000000b97a      0x198 ./FreeRTOS/timers.o
 .text.xTimerCreateTimerTask
                0x000000000000bb12       0x5e ./FreeRTOS/timers.o
                0x000000000000bb12                xTimerCreateTimerTask
 .text.__sflush_r
                0x000000000000bb70      0x130 /usr/share/MRS2/MRS-linux-x64/resources/app/resources/linux/components/WCH/Toolchain/RISC-V Embedded GCC/bin/../lib/gcc/riscv-none-embed/8.2.0/../../../../riscv-none-embed/lib/rv32imacxw/ilp32/libg_nano.a(lib_a-fflush.o)
                0x000000000000bb70                __sflush_r
 .text._fflush_r
                0x000000000000bca0       0x66 /usr/share/MRS2/MRS-linux-x64/resources/app/resources/linux/components/WCH/Toolchain/RISC-V Embedded GCC/bin/../lib/gcc/riscv-none-embed/8.2.0/../../../../riscv-none-embed/lib/rv32imacxw/ilp32/libg_nano.a(lib_a-fflush.o)
                0x000000000000bca0                _fflush_r
 .text.std      0x000000000000bd06       0x66 /usr/share/MRS2/MRS-linux-x64/resources/app/resources/linux/components/WCH/Toolchain/RISC-V Embedded GCC/bin/../lib/gcc/riscv-none-embed/8.2.0/../../../../riscv-none-embed/lib/rv32imacxw/ilp32/libg_nano.a(lib_a-findfp.o)
 .text._cleanup_r
                0x000000000000bd6c        0xa /usr/share/MRS2/MRS-linux-x64/resources/app/resources/linux/components/WCH/Toolchain/RISC-V Embedded GCC/bin/../lib/gcc/riscv-none-embed/8.2.0/../../../../riscv-none-embed/lib/rv32imacxw/ilp32/libg_nano.a(lib_a-findfp.o)
                0x000000000000bd6c                _cleanup_r
 .text.__sfmoreglue
                0x000000000000bd76       0x46 /usr/share/MRS2/MRS-linux-x64/resources/app/resources/linux/components/WCH/Toolchain/RISC-V Embedded GCC/bin/../lib/gcc/riscv-none-embed/8.2.0/../../../../riscv-none-embed/lib/rv32imacxw/ilp32/libg_nano.a(lib_a-findfp.o)
                0x000000000000bd76                __sfmoreglue
 .text.__sinit  0x000000000000bdbc       0x6c /usr/share/MRS2/MRS-linux-x64/resources/app/resources/linux/components/WCH/Toolchain/RISC-V Embedded GCC/bin/../lib/gcc/riscv-none-embed/8.2.0/../../../../riscv-none-embed/lib/rv32imacxw/ilp32/libg_nano.a(lib_a-findfp.o)
                0x000000000000bdbc                __sinit
 .text.__sfp    0x000000000000be28       0xa0 /usr/share/MRS2/MRS-linux-x64/resources/app/resources/linux/components/WCH/Toolchain/RISC-V Embedded GCC/bin/../lib/gcc/riscv-none-embed/8.2.0/../../../../riscv-none-embed/lib/rv32imacxw/ilp32/libg_nano.a(lib_a-findfp.o)
                0x000000000000be28                __sfp
 .text._fwalk_reent
                0x000000000000bec8       0x6a /usr/share/MRS2/MRS-linux-x64/resources/app/resources/linux/components/WCH/Toolchain/RISC-V Embedded GCC/bin/../lib/gcc/riscv-none-embed/8.2.0/../../../../riscv-none-embed/lib/rv32imacxw/ilp32/libg_nano.a(lib_a-fwalk.o)
                0x000000000000bec8                _fwalk_reent
 .text.__swhatbuf_r
                0x000000000000bf32       0x56 /usr/share/MRS2/MRS-linux-x64/resources/app/resources/linux/components/WCH/Toolchain/RISC-V Embedded GCC/bin/../lib/gcc/riscv-none-embed/8.2.0/../../../../riscv-none-embed/lib/rv32imacxw/ilp32/libg_nano.a(lib_a-makebuf.o)
                0x000000000000bf32                __swhatbuf_r
 .text.__smakebuf_r
                0x000000000000bf88       0x90 /usr/share/MRS2/MRS-linux-x64/resources/app/resources/linux/components/WCH/Toolchain/RISC-V Embedded GCC/bin/../lib/gcc/riscv-none-embed/8.2.0/../../../../riscv-none-embed/lib/rv32imacxw/ilp32/libg_nano.a(lib_a-makebuf.o)
                0x000000000000bf88                __smakebuf_r
 .text.memcmp   0x000000000000c018       0x24 /usr/share/MRS2/MRS-linux-x64/resources/app/resources/linux/components/WCH/Toolchain/RISC-V Embedded GCC/bin/../lib/gcc/riscv-none-embed/8.2.0/../../../../riscv-none-embed/lib/rv32imacxw/ilp32/libg_nano.a(lib_a-memcmp.o)
                0x000000000000c018                memcmp
 .text.memcpy   0x000000000000c03c       0xb2 /usr/share/MRS2/MRS-linux-x64/resources/app/resources/linux/components/WCH/Toolchain/RISC-V Embedded GCC/bin/../lib/gcc/riscv-none-embed/8.2.0/../../../../riscv-none-embed/lib/rv32imacxw/ilp32/libg_nano.a(lib_a-memcpy.o)
                0x000000000000c03c                memcpy
 .text._free_r  0x000000000000c0ee       0xac /usr/share/MRS2/MRS-linux-x64/resources/app/resources/linux/components/WCH/Toolchain/RISC-V Embedded GCC/bin/../lib/gcc/riscv-none-embed/8.2.0/../../../../riscv-none-embed/lib/rv32imacxw/ilp32/libg_nano.a(lib_a-nano-freer.o)
                0x000000000000c0ee                _free_r
 .text._malloc_r
                0x000000000000c19a       0xde /usr/share/MRS2/MRS-linux-x64/resources/app/resources/linux/components/WCH/Toolchain/RISC-V Embedded GCC/bin/../lib/gcc/riscv-none-embed/8.2.0/../../../../riscv-none-embed/lib/rv32imacxw/ilp32/libg_nano.a(lib_a-nano-mallocr.o)
                0x000000000000c19a                _malloc_r
 .text.printf   0x000000000000c278       0x40 /usr/share/MRS2/MRS-linux-x64/resources/app/resources/linux/components/WCH/Toolchain/RISC-V Embedded GCC/bin/../lib/gcc/riscv-none-embed/8.2.0/../../../../riscv-none-embed/lib/rv32imacxw/ilp32/libg_nano.a(lib_a-printf.o)
                0x000000000000c278                printf
                0x000000000000c278                iprintf
 .text._sbrk_r  0x000000000000c2b8       0x32 /usr/share/MRS2/MRS-linux-x64/resources/app/resources/linux/components/WCH/Toolchain/RISC-V Embedded GCC/bin/../lib/gcc/riscv-none-embed/8.2.0/../../../../riscv-none-embed/lib/rv32imacxw/ilp32/libg_nano.a(lib_a-sbrkr.o)
                0x000000000000c2b8                _sbrk_r
 .text.__sread  0x000000000000c2ea       0x2e /usr/share/MRS2/MRS-linux-x64/resources/app/resources/linux/components/WCH/Toolchain/RISC-V Embedded GCC/bin/../lib/gcc/riscv-none-embed/8.2.0/../../../../riscv-none-embed/lib/rv32imacxw/ilp32/libg_nano.a(lib_a-stdio.o)
                0x000000000000c2ea                __sread
 .text.__swrite
                0x000000000000c318       0x48 /usr/share/MRS2/MRS-linux-x64/resources/app/resources/linux/components/WCH/Toolchain/RISC-V Embedded GCC/bin/../lib/gcc/riscv-none-embed/8.2.0/../../../../riscv-none-embed/lib/rv32imacxw/ilp32/libg_nano.a(lib_a-stdio.o)
                0x000000000000c318                __swrite
 .text.__sseek  0x000000000000c360       0x30 /usr/share/MRS2/MRS-linux-x64/resources/app/resources/linux/components/WCH/Toolchain/RISC-V Embedded GCC/bin/../lib/gcc/riscv-none-embed/8.2.0/../../../../riscv-none-embed/lib/rv32imacxw/ilp32/libg_nano.a(lib_a-stdio.o)
                0x000000000000c360                __sseek
 .text.__sclose
                0x000000000000c390        0x6 /usr/share/MRS2/MRS-linux-x64/resources/app/resources/linux/components/WCH/Toolchain/RISC-V Embedded GCC/bin/../lib/gcc/riscv-none-embed/8.2.0/../../../../riscv-none-embed/lib/rv32imacxw/ilp32/libg_nano.a(lib_a-stdio.o)
                0x000000000000c390                __sclose
 .text.strcpy   0x000000000000c396       0x10 /usr/share/MRS2/MRS-linux-x64/resources/app/resources/linux/components/WCH/Toolchain/RISC-V Embedded GCC/bin/../lib/gcc/riscv-none-embed/8.2.0/../../../../riscv-none-embed/lib/rv32imacxw/ilp32/libg_nano.a(lib_a-strcpy.o)
                0x000000000000c396                strcpy
 .text.strnlen  0x000000000000c3a6       0x16 /usr/share/MRS2/MRS-linux-x64/resources/app/resources/linux/components/WCH/Toolchain/RISC-V Embedded GCC/bin/../lib/gcc/riscv-none-embed/8.2.0/../../../../riscv-none-embed/lib/rv32imacxw/ilp32/libg_nano.a(lib_a-strnlen.o)
                0x000000000000c3a6                strnlen
 .text._write_r
                0x000000000000c3bc       0x36 /usr/share/MRS2/MRS-linux-x64/resources/app/resources/linux/components/WCH/Toolchain/RISC-V Embedded GCC/bin/../lib/gcc/riscv-none-embed/8.2.0/../../../../riscv-none-embed/lib/rv32imacxw/ilp32/libg_nano.a(lib_a-writer.o)
                0x000000000000c3bc                _write_r
 .text._close_r
                0x000000000000c3f2       0x32 /usr/share/MRS2/MRS-linux-x64/resources/app/resources/linux/components/WCH/Toolchain/RISC-V Embedded GCC/bin/../lib/gcc/riscv-none-embed/8.2.0/../../../../riscv-none-embed/lib/rv32imacxw/ilp32/libg_nano.a(lib_a-closer.o)
                0x000000000000c3f2                _close_r
 .text._fstat_r
                0x000000000000c424       0x34 /usr/share/MRS2/MRS-linux-x64/resources/app/resources/linux/components/WCH/Toolchain/RISC-V Embedded GCC/bin/../lib/gcc/riscv-none-embed/8.2.0/../../../../riscv-none-embed/lib/rv32imacxw/ilp32/libg_nano.a(lib_a-fstatr.o)
                0x000000000000c424                _fstat_r
 .text._isatty_r
                0x000000000000c458       0x32 /usr/share/MRS2/MRS-linux-x64/resources/app/resources/linux/components/WCH/Toolchain/RISC-V Embedded GCC/bin/../lib/gcc/riscv-none-embed/8.2.0/../../../../riscv-none-embed/lib/rv32imacxw/ilp32/libg_nano.a(lib_a-isattyr.o)
                0x000000000000c458                _isatty_r
 .text._lseek_r
                0x000000000000c48a       0x36 /usr/share/MRS2/MRS-linux-x64/resources/app/resources/linux/components/WCH/Toolchain/RISC-V Embedded GCC/bin/../lib/gcc/riscv-none-embed/8.2.0/../../../../riscv-none-embed/lib/rv32imacxw/ilp32/libg_nano.a(lib_a-lseekr.o)
                0x000000000000c48a                _lseek_r
 .text.__malloc_lock
                0x000000000000c4c0        0x2 /usr/share/MRS2/MRS-linux-x64/resources/app/resources/linux/components/WCH/Toolchain/RISC-V Embedded GCC/bin/../lib/gcc/riscv-none-embed/8.2.0/../../../../riscv-none-embed/lib/rv32imacxw/ilp32/libg_nano.a(lib_a-mlock.o)
                0x000000000000c4c0                __malloc_lock
 .text.__malloc_unlock
                0x000000000000c4c2        0x2 /usr/share/MRS2/MRS-linux-x64/resources/app/resources/linux/components/WCH/Toolchain/RISC-V Embedded GCC/bin/../lib/gcc/riscv-none-embed/8.2.0/../../../../riscv-none-embed/lib/rv32imacxw/ilp32/libg_nano.a(lib_a-mlock.o)
                0x000000000000c4c2                __malloc_unlock
 .text.__sfputc_r
                0x000000000000c4c4       0x26 /usr/share/MRS2/MRS-linux-x64/resources/app/resources/linux/components/WCH/Toolchain/RISC-V Embedded GCC/bin/../lib/gcc/riscv-none-embed/8.2.0/../../../../riscv-none-embed/lib/rv32imacxw/ilp32/libg_nano.a(lib_a-nano-vfprintf.o)
 .text.__sfputs_r
                0x000000000000c4ea       0x42 /usr/share/MRS2/MRS-linux-x64/resources/app/resources/linux/components/WCH/Toolchain/RISC-V Embedded GCC/bin/../lib/gcc/riscv-none-embed/8.2.0/../../../../riscv-none-embed/lib/rv32imacxw/ilp32/libg_nano.a(lib_a-nano-vfprintf.o)
                0x000000000000c4ea                __sfputs_r
 .text._vfprintf_r
                0x000000000000c52c      0x286 /usr/share/MRS2/MRS-linux-x64/resources/app/resources/linux/components/WCH/Toolchain/RISC-V Embedded GCC/bin/../lib/gcc/riscv-none-embed/8.2.0/../../../../riscv-none-embed/lib/rv32imacxw/ilp32/libg_nano.a(lib_a-nano-vfprintf.o)
                0x000000000000c52c                _vfiprintf_r
                0x000000000000c52c                _vfprintf_r
 .text._printf_common
                0x000000000000c7b2      0x10c /usr/share/MRS2/MRS-linux-x64/resources/app/resources/linux/components/WCH/Toolchain/RISC-V Embedded GCC/bin/../lib/gcc/riscv-none-embed/8.2.0/../../../../riscv-none-embed/lib/rv32imacxw/ilp32/libg_nano.a(lib_a-nano-vfprintf_i.o)
                0x000000000000c7b2                _printf_common
 .text._printf_i
                0x000000000000c8be      0x2a2 /usr/share/MRS2/MRS-linux-x64/resources/app/resources/linux/components/WCH/Toolchain/RISC-V Embedded GCC/bin/../lib/gcc/riscv-none-embed/8.2.0/../../../../riscv-none-embed/lib/rv32imacxw/ilp32/libg_nano.a(lib_a-nano-vfprintf_i.o)
                0x000000000000c8be                _printf_i
 .text._read_r  0x000000000000cb60       0x34 /usr/share/MRS2/MRS-linux-x64/resources/app/resources/linux/components/WCH/Toolchain/RISC-V Embedded GCC/bin/../lib/gcc/riscv-none-embed/8.2.0/../../../../riscv-none-embed/lib/rv32imacxw/ilp32/libg_nano.a(lib_a-readr.o)
                0x000000000000cb60                _read_r
 .text.__swbuf_r
                0x000000000000cb94       0xc2 /usr/share/MRS2/MRS-linux-x64/resources/app/resources/linux/components/WCH/Toolchain/RISC-V Embedded GCC/bin/../lib/gcc/riscv-none-embed/8.2.0/../../../../riscv-none-embed/lib/rv32imacxw/ilp32/libg_nano.a(lib_a-wbuf.o)
                0x000000000000cb94                __swbuf_r
 .text.__swsetup_r
                0x000000000000cc56      0x102 /usr/share/MRS2/MRS-linux-x64/resources/app/resources/linux/components/WCH/Toolchain/RISC-V Embedded GCC/bin/../lib/gcc/riscv-none-embed/8.2.0/../../../../riscv-none-embed/lib/rv32imacxw/ilp32/libg_nano.a(lib_a-wsetup.o)
                0x000000000000cc56                __swsetup_r
 .text.memchr   0x000000000000cd58       0x18 /usr/share/MRS2/MRS-linux-x64/resources/app/resources/linux/components/WCH/Toolchain/RISC-V Embedded GCC/bin/../lib/gcc/riscv-none-embed/8.2.0/../../../../riscv-none-embed/lib/rv32imacxw/ilp32/libg_nano.a(lib_a-memchr.o)
                0x000000000000cd58                memchr
 .text._close   0x000000000000cd70       0x10 /usr/share/MRS2/MRS-linux-x64/resources/app/resources/linux/components/WCH/Toolchain/RISC-V Embedded GCC/bin/../lib/gcc/riscv-none-embed/8.2.0/../../../../riscv-none-embed/lib/rv32imacxw/ilp32/libnosys.a(close.o)
                0x000000000000cd70                _close
 .text._fstat   0x000000000000cd80       0x10 /usr/share/MRS2/MRS-linux-x64/resources/app/resources/linux/components/WCH/Toolchain/RISC-V Embedded GCC/bin/../lib/gcc/riscv-none-embed/8.2.0/../../../../riscv-none-embed/lib/rv32imacxw/ilp32/libnosys.a(fstat.o)
                0x000000000000cd80                _fstat
 .text._isatty  0x000000000000cd90       0x10 /usr/share/MRS2/MRS-linux-x64/resources/app/resources/linux/components/WCH/Toolchain/RISC-V Embedded GCC/bin/../lib/gcc/riscv-none-embed/8.2.0/../../../../riscv-none-embed/lib/rv32imacxw/ilp32/libnosys.a(isatty.o)
                0x000000000000cd90                _isatty
 .text._lseek   0x000000000000cda0       0x10 /usr/share/MRS2/MRS-linux-x64/resources/app/resources/linux/components/WCH/Toolchain/RISC-V Embedded GCC/bin/../lib/gcc/riscv-none-embed/8.2.0/../../../../riscv-none-embed/lib/rv32imacxw/ilp32/libnosys.a(lseek.o)
                0x000000000000cda0                _lseek
 .text._read    0x000000000000cdb0       0x10 /usr/share/MRS2/MRS-linux-x64/resources/app/resources/linux/components/WCH/Toolchain/RISC-V Embedded GCC/bin/../lib/gcc/riscv-none-embed/8.2.0/../../../../riscv-none-embed/lib/rv32imacxw/ilp32/libnosys.a(read.o)
                0x000000000000cdb0                _read
 .text._sbrk    0x000000000000cdc0       0x30 /usr/share/MRS2/MRS-linux-x64/resources/app/resources/linux/components/WCH/Toolchain/RISC-V Embedded GCC/bin/../lib/gcc/riscv-none-embed/8.2.0/../../../../riscv-none-embed/lib/rv32imacxw/ilp32/libnosys.a(sbrk.o)
                0x000000000000cdc0                _sbrk
 .text._write   0x000000000000cdf0       0x10 /usr/share/MRS2/MRS-linux-x64/resources/app/resources/linux/components/WCH/Toolchain/RISC-V Embedded GCC/bin/../lib/gcc/riscv-none-embed/8.2.0/../../../../riscv-none-embed/lib/rv32imacxw/ilp32/libnosys.a(write.o)
                0x000000000000cdf0                _write
 *(.rodata)
 *(.rodata*)
 *fill*         0x000000000000ce00        0x0 
 .rodata.Bi     0x000000000000ce00      0x3c0 ./User/ed25519/ge.o
 .rodata.base   0x000000000000d1c0     0x7800 ./User/ed25519/ge.o
 .rodata.d      0x00000000000149c0       0x28 ./User/ed25519/ge.o
 .rodata.d2     0x00000000000149e8       0x28 ./User/ed25519/ge.o
 .rodata.sqrtm1
                0x0000000000014a10       0x28 ./User/ed25519/ge.o
 *fill*         0x0000000000014a38        0x0 
 .rodata.K      0x0000000000014a38      0x280 ./User/ed25519/sha512.o
 .rodata.sha512_init.cst8
                0x0000000000014cb8       0x40 ./User/ed25519/sha512.o
 .rodata.ble_init.str1.4
                0x0000000000014cf8        0x7 ./User/ble.o
 *fill*         0x0000000000014cff        0x1 
 .rodata.button_init.str1.4
                0x0000000000014d00        0x7 ./User/button.o
 *fill*         0x0000000000014d07        0x1 
 .rodata.keyfob_init.str1.4
                0x0000000000014d08        0x7 ./User/keyfob.o
 *fill*         0x0000000000014d0f        0x1 
 .rodata.led_init.str1.4
                0x0000000000014d10        0x4 ./User/led.o
 .rodata.app_factory_reset.str1.4
                0x0000000000014d14        0x7 ./User/main.o
 *fill*         0x0000000000014d1b        0x1 
 .rodata.app_init.str1.4
                0x0000000000014d1c        0x4 ./User/main.o
 .rodata.app_ver
                0x0000000000014d20       0x31 ./User/main.o
                0x0000000000014d20                app_ver
 *fill*         0x0000000000014d51        0x3 
 .rodata.rs_init.str1.4
                0x0000000000014d54        0x6 ./User/rs485.o
 *fill*         0x0000000000014d5a        0x2 
 .rodata.pvPortMalloc.str1.4
                0x0000000000014d5c       0x49 ./FreeRTOS/portable/MemMang/heap_4.o
 *fill*         0x0000000000014da5        0x3 
 .rodata.xPortStartScheduler.str1.4
                0x0000000000014da8       0x27 ./FreeRTOS/portable/GCC/RISC-V/port.o
                                         0x49 (size before relaxing)
 *fill*         0x0000000000014dcf        0x1 
 .rodata.xQueueGenericReset.str1.4
                0x0000000000014dd0       0x14 ./FreeRTOS/queue.o
                                         0x35 (size before relaxing)
 .rodata.prvTaskIsTaskSuspended.str1.4
                0x0000000000014de4       0x14 ./FreeRTOS/tasks.o
                                         0x35 (size before relaxing)
 .rodata.vTaskStartScheduler.str1.4
                0x0000000000014df8        0x5 ./FreeRTOS/tasks.o
 *fill*         0x0000000000014dfd        0x3 
 .rodata.prvTimerTask
                0x0000000000014e00       0x24 ./FreeRTOS/timers.o
 .rodata.prvCheckForValidListAndQueue.str1.4
                0x0000000000014e24        0x5 ./FreeRTOS/timers.o
 *fill*         0x0000000000014e29        0x3 
 .rodata.prvTimerTask.str1.4
                0x0000000000014e2c       0x15 ./FreeRTOS/timers.o
                                         0x39 (size before relaxing)
 *fill*         0x0000000000014e41        0x3 
 .rodata.xTimerCreateTimerTask.str1.4
                0x0000000000014e44        0x8 ./FreeRTOS/timers.o
 .rodata.__sf_fake_stderr
                0x0000000000014e4c       0x20 /usr/share/MRS2/MRS-linux-x64/resources/app/resources/linux/components/WCH/Toolchain/RISC-V Embedded GCC/bin/../lib/gcc/riscv-none-embed/8.2.0/../../../../riscv-none-embed/lib/rv32imacxw/ilp32/libg_nano.a(lib_a-findfp.o)
                0x0000000000014e4c                __sf_fake_stderr
 .rodata.__sf_fake_stdin
                0x0000000000014e6c       0x20 /usr/share/MRS2/MRS-linux-x64/resources/app/resources/linux/components/WCH/Toolchain/RISC-V Embedded GCC/bin/../lib/gcc/riscv-none-embed/8.2.0/../../../../riscv-none-embed/lib/rv32imacxw/ilp32/libg_nano.a(lib_a-findfp.o)
                0x0000000000014e6c                __sf_fake_stdin
 .rodata.__sf_fake_stdout
                0x0000000000014e8c       0x20 /usr/share/MRS2/MRS-linux-x64/resources/app/resources/linux/components/WCH/Toolchain/RISC-V Embedded GCC/bin/../lib/gcc/riscv-none-embed/8.2.0/../../../../riscv-none-embed/lib/rv32imacxw/ilp32/libg_nano.a(lib_a-findfp.o)
                0x0000000000014e8c                __sf_fake_stdout
 .rodata._vfprintf_r.str1.4
                0x0000000000014eac       0x13 /usr/share/MRS2/MRS-linux-x64/resources/app/resources/linux/components/WCH/Toolchain/RISC-V Embedded GCC/bin/../lib/gcc/riscv-none-embed/8.2.0/../../../../riscv-none-embed/lib/rv32imacxw/ilp32/libg_nano.a(lib_a-nano-vfprintf.o)
 *fill*         0x0000000000014ebf        0x1 
 .rodata._printf_i.str1.4
                0x0000000000014ec0       0x28 /usr/share/MRS2/MRS-linux-x64/resources/app/resources/linux/components/WCH/Toolchain/RISC-V Embedded GCC/bin/../lib/gcc/riscv-none-embed/8.2.0/../../../../riscv-none-embed/lib/rv32imacxw/ilp32/libg_nano.a(lib_a-nano-vfprintf_i.o)
                                         0x25 (size before relaxing)
 *(.gnu.linkonce.t.*)
                0x0000000000014ee8                . = ALIGN (0x4)

.rela.dyn       0x0000000000014ee8        0x0
 .rela.init     0x0000000000014ee8        0x0 ./User/ed25519/fe.o
 .rela.vector   0x0000000000014ee8        0x0 ./User/ed25519/fe.o
 .rela.text.handle_reset
                0x0000000000014ee8        0x0 ./User/ed25519/fe.o
 .rela.text.xPortStartScheduler
                0x0000000000014ee8        0x0 ./User/ed25519/fe.o
 .rela.sdata2.xISRStackTop
                0x0000000000014ee8        0x0 ./User/ed25519/fe.o
 .rela.text._sbrk_r
                0x0000000000014ee8        0x0 ./User/ed25519/fe.o
 .rela.text._write_r
                0x0000000000014ee8        0x0 ./User/ed25519/fe.o
 .rela.text._close_r
                0x0000000000014ee8        0x0 ./User/ed25519/fe.o
 .rela.text._fstat_r
                0x0000000000014ee8        0x0 ./User/ed25519/fe.o
 .rela.text._isatty_r
                0x0000000000014ee8        0x0 ./User/ed25519/fe.o
 .rela.text._lseek_r
                0x0000000000014ee8        0x0 ./User/ed25519/fe.o
 .rela.text._vfprintf_r
                0x0000000000014ee8        0x0 ./User/ed25519/fe.o
 .rela.text._read_r
                0x0000000000014ee8        0x0 ./User/ed25519/fe.o
 .rela.text._close
                0x0000000000014ee8        0x0 ./User/ed25519/fe.o
 .rela.text._fstat
                0x0000000000014ee8        0x0 ./User/ed25519/fe.o
 .rela.text._isatty
                0x0000000000014ee8        0x0 ./User/ed25519/fe.o
 .rela.text._lseek
                0x0000000000014ee8        0x0 ./User/ed25519/fe.o
 .rela.text._read
                0x0000000000014ee8        0x0 ./User/ed25519/fe.o
 .rela.text._sbrk
                0x0000000000014ee8        0x0 ./User/ed25519/fe.o
 .rela.text._write
                0x0000000000014ee8        0x0 ./User/ed25519/fe.o

.fini           0x0000000000014ee8        0x0
 *(SORT_NONE(.fini))
                0x0000000000014ee8                . = ALIGN (0x4)
                [!provide]                        PROVIDE (_etext = .)
                [!provide]                        PROVIDE (_eitcm = .)

.preinit_array  0x0000000000014ee8        0x0
                [!provide]                        PROVIDE (__preinit_array_start = .)
 *(.preinit_array)
                [!provide]                        PROVIDE (__preinit_array_end = .)

.init_array     0x0000000000014ee8        0x0
                [!provide]                        PROVIDE (__init_array_start = .)
 *(SORT_BY_INIT_PRIORITY(.init_array.*) SORT_BY_INIT_PRIORITY(.ctors.*))
 *(.init_array EXCLUDE_FILE(*crtend?.o *crtend.o *crtbegin?.o *crtbegin.o) .ctors)
                [!provide]                        PROVIDE (__init_array_end = .)

.fini_array     0x0000000000014ee8        0x0
                [!provide]                        PROVIDE (__fini_array_start = .)
 *(SORT_BY_INIT_PRIORITY(.fini_array.*) SORT_BY_INIT_PRIORITY(.dtors.*))
 *(.fini_array EXCLUDE_FILE(*crtend?.o *crtend.o *crtbegin?.o *crtbegin.o) .dtors)
                [!provide]                        PROVIDE (__fini_array_end = .)

.ctors
 *crtbegin.o(.ctors)
 *crtbegin?.o(.ctors)
 *(EXCLUDE_FILE(*crtend?.o *crtend.o) .ctors)
 *(SORT_BY_NAME(.ctors.*))
 *(.ctors)

.dtors
 *crtbegin.o(.dtors)
 *crtbegin?.o(.dtors)
 *(EXCLUDE_FILE(*crtend?.o *crtend.o) .dtors)
 *(SORT_BY_NAME(.dtors.*))
 *(.dtors)

.dalign         0x0000000020000000        0x0 load address 0x0000000000014ee8
                0x0000000020000000                . = ALIGN (0x4)
                0x0000000020000000                PROVIDE (_data_vma = .)

.dlalign        0x0000000000014ee8        0x0
                0x0000000000014ee8                . = ALIGN (0x4)
                0x0000000000014ee8                PROVIDE (_data_lma = .)

.data           0x0000000020000000       0xb0 load address 0x0000000000014ee8
 *(.gnu.linkonce.r.*)
 *(.data .data.*)
 .data.flash_user_invalid
                0x0000000020000000       0x10 ./User/flash.o
                0x0000000020000000                flash_user_invalid
 .data.AHBPrescTable
                0x0000000020000010       0x10 ./User/system_ch32v30x.o
                0x0000000020000010                AHBPrescTable
 .data.APBAHBPrescTable
                0x0000000020000020       0x10 ./Peripheral/src/ch32v30x_rcc.o
 .data.impure_data
                0x0000000020000030       0x60 /usr/share/MRS2/MRS-linux-x64/resources/app/resources/linux/components/WCH/Toolchain/RISC-V Embedded GCC/bin/../lib/gcc/riscv-none-embed/8.2.0/../../../../riscv-none-embed/lib/rv32imacxw/ilp32/libg_nano.a(lib_a-impure.o)
 *(.gnu.linkonce.d.*)
                0x0000000020000090                . = ALIGN (0x8)
                0x0000000020000890                PROVIDE (__global_pointer$ = (. + 0x800))
 *(.sdata .sdata.*)
 .sdata.SystemCoreClock
                0x0000000020000090        0x4 ./User/system_ch32v30x.o
                0x0000000020000090                SystemCoreClock
 .sdata.ADCPrescTable
                0x0000000020000094        0x4 ./Peripheral/src/ch32v30x_rcc.o
 .sdata.uxCriticalNesting
                0x0000000020000098        0x4 ./FreeRTOS/portable/GCC/RISC-V/port.o
 .sdata.uxTopUsedPriority
                0x000000002000009c        0x4 ./FreeRTOS/tasks.o
                0x000000002000009c                uxTopUsedPriority
 .sdata._impure_ptr
                0x00000000200000a0        0x4 /usr/share/MRS2/MRS-linux-x64/resources/app/resources/linux/components/WCH/Toolchain/RISC-V Embedded GCC/bin/../lib/gcc/riscv-none-embed/8.2.0/../../../../riscv-none-embed/lib/rv32imacxw/ilp32/libg_nano.a(lib_a-impure.o)
                0x00000000200000a0                _impure_ptr
 *(.sdata2.*)
 .sdata2.xISRStackTop
                0x00000000200000a4        0x4 ./FreeRTOS/portable/GCC/RISC-V/port.o
                0x00000000200000a4                xISRStackTop
 .sdata2._global_impure_ptr
                0x00000000200000a8        0x4 /usr/share/MRS2/MRS-linux-x64/resources/app/resources/linux/components/WCH/Toolchain/RISC-V Embedded GCC/bin/../lib/gcc/riscv-none-embed/8.2.0/../../../../riscv-none-embed/lib/rv32imacxw/ilp32/libg_nano.a(lib_a-impure.o)
                0x00000000200000a8                _global_impure_ptr
 *(.gnu.linkonce.s.*)
                0x00000000200000b0                . = ALIGN (0x8)
 *fill*         0x00000000200000ac        0x4 
 *(.srodata.cst16)
 *(.srodata.cst8)
 *(.srodata.cst4)
 *(.srodata.cst2)
 *(.srodata .srodata.*)
                0x00000000200000b0                . = ALIGN (0x4)
                0x00000000200000b0                PROVIDE (_edata = .)

.bss            0x00000000200000b0     0x5084 load address 0x0000000000014f98
                0x00000000200000b0                . = ALIGN (0x4)
                0x00000000200000b0                PROVIDE (_sbss = .)
 *(.sbss*)
 .sbss.ble_data_recv
                0x00000000200000b0        0x4 ./User/ble.o
                0x00000000200000b0                ble_data_recv
 .sbss.ble_data_recv_byte
                0x00000000200000b4        0x4 ./User/ble.o
                0x00000000200000b4                ble_data_recv_byte
 .sbss.prev.6023
                0x00000000200000b8        0x1 ./User/ble.o
 *fill*         0x00000000200000b9        0x3 
 .sbss.button_cmd
                0x00000000200000bc        0x4 ./User/button.o
                0x00000000200000bc                button_cmd
 .sbss.keyfob_cmd
                0x00000000200000c0        0x4 ./User/keyfob.o
                0x00000000200000c0                keyfob_cmd
 .sbss.led_state
                0x00000000200000c4        0x4 ./User/led.o
                0x00000000200000c4                led_state
 .sbss.app_expected_nonce
                0x00000000200000c8        0x4 ./User/main.o
                0x00000000200000c8                app_expected_nonce
 .sbss.app_nonce_active
                0x00000000200000cc        0x1 ./User/main.o
                0x00000000200000cc                app_nonce_active
 .sbss.reason.6048
                0x00000000200000cd        0x1 ./User/main.o
 *fill*         0x00000000200000ce        0x2 
 .sbss.rs_recv  0x00000000200000d0        0x4 ./User/rs485.o
                0x00000000200000d0                rs_recv
 .sbss.rs_recv_byte
                0x00000000200000d4        0x4 ./User/rs485.o
                0x00000000200000d4                rs_recv_byte
 .sbss.NVIC_Priority_Group
                0x00000000200000d8        0x4 ./Peripheral/src/ch32v30x_misc.o
                0x00000000200000d8                NVIC_Priority_Group
 .sbss.pxEnd    0x00000000200000dc        0x4 ./FreeRTOS/portable/MemMang/heap_4.o
 .sbss.xBlockAllocatedBit
                0x00000000200000e0        0x4 ./FreeRTOS/portable/MemMang/heap_4.o
 .sbss.xFreeBytesRemaining
                0x00000000200000e4        0x4 ./FreeRTOS/portable/MemMang/heap_4.o
 .sbss.xMinimumEverFreeBytesRemaining
                0x00000000200000e8        0x4 ./FreeRTOS/portable/MemMang/heap_4.o
 .sbss.xNumberOfSuccessfulAllocations
                0x00000000200000ec        0x4 ./FreeRTOS/portable/MemMang/heap_4.o
 .sbss.xNumberOfSuccessfulFrees
                0x00000000200000f0        0x4 ./FreeRTOS/portable/MemMang/heap_4.o
 .sbss.xStart   0x00000000200000f4        0x8 ./FreeRTOS/portable/MemMang/heap_4.o
 .sbss.pxCurrentTCB
                0x00000000200000fc        0x4 ./FreeRTOS/tasks.o
                0x00000000200000fc                pxCurrentTCB
 .sbss.pxDelayedTaskList
                0x0000000020000100        0x4 ./FreeRTOS/tasks.o
 .sbss.pxOverflowDelayedTaskList
                0x0000000020000104        0x4 ./FreeRTOS/tasks.o
 .sbss.uxCurrentNumberOfTasks
                0x0000000020000108        0x4 ./FreeRTOS/tasks.o
 .sbss.uxDeletedTasksWaitingCleanUp
                0x000000002000010c        0x4 ./FreeRTOS/tasks.o
 .sbss.uxSchedulerSuspended
                0x0000000020000110        0x4 ./FreeRTOS/tasks.o
 .sbss.uxTaskNumber
                0x0000000020000114        0x4 ./FreeRTOS/tasks.o
 .sbss.uxTopReadyPriority
                0x0000000020000118        0x4 ./FreeRTOS/tasks.o
 .sbss.xIdleTaskHandle
                0x000000002000011c        0x4 ./FreeRTOS/tasks.o
 .sbss.xNextTaskUnblockTime
                0x0000000020000120        0x4 ./FreeRTOS/tasks.o
 .sbss.xNumOfOverflows
                0x0000000020000124        0x4 ./FreeRTOS/tasks.o
 .sbss.xPendedTicks
                0x0000000020000128        0x4 ./FreeRTOS/tasks.o
 .sbss.xSchedulerRunning
                0x000000002000012c        0x4 ./FreeRTOS/tasks.o
 .sbss.xTickCount
                0x0000000020000130        0x4 ./FreeRTOS/tasks.o
 .sbss.xYieldPending
                0x0000000020000134        0x4 ./FreeRTOS/tasks.o
 .sbss.pxCurrentTimerList
                0x0000000020000138        0x4 ./FreeRTOS/timers.o
 .sbss.pxOverflowTimerList
                0x000000002000013c        0x4 ./FreeRTOS/timers.o
 .sbss.xLastTime.6326
                0x0000000020000140        0x4 ./FreeRTOS/timers.o
 .sbss.xTimerQueue
                0x0000000020000144        0x4 ./FreeRTOS/timers.o
 .sbss.xTimerTaskHandle
                0x0000000020000148        0x4 ./FreeRTOS/timers.o
 .sbss.__malloc_free_list
                0x000000002000014c        0x4 /usr/share/MRS2/MRS-linux-x64/resources/app/resources/linux/components/WCH/Toolchain/RISC-V Embedded GCC/bin/../lib/gcc/riscv-none-embed/8.2.0/../../../../riscv-none-embed/lib/rv32imacxw/ilp32/libg_nano.a(lib_a-nano-mallocr.o)
                0x000000002000014c                __malloc_free_list
 .sbss.__malloc_sbrk_start
                0x0000000020000150        0x4 /usr/share/MRS2/MRS-linux-x64/resources/app/resources/linux/components/WCH/Toolchain/RISC-V Embedded GCC/bin/../lib/gcc/riscv-none-embed/8.2.0/../../../../riscv-none-embed/lib/rv32imacxw/ilp32/libg_nano.a(lib_a-nano-mallocr.o)
                0x0000000020000150                __malloc_sbrk_start
 .sbss.heap_end.1518
                0x0000000020000154        0x4 /usr/share/MRS2/MRS-linux-x64/resources/app/resources/linux/components/WCH/Toolchain/RISC-V Embedded GCC/bin/../lib/gcc/riscv-none-embed/8.2.0/../../../../riscv-none-embed/lib/rv32imacxw/ilp32/libnosys.a(sbrk.o)
 *(.gnu.linkonce.sb.*)
 *(.bss*)
 .bss.ble_data_rx_buf
                0x0000000020000158       0xf0 ./User/ble.o
                0x0000000020000158                ble_data_rx_buf
 .bss.app_dev_info
                0x0000000020000248       0xa8 ./User/main.o
                0x0000000020000248                app_dev_info
 .bss.app_in    0x00000000200002f0       0xf0 ./User/main.o
                0x00000000200002f0                app_in
 .bss.app_out   0x00000000200003e0       0xe1 ./User/main.o
                0x00000000200003e0                app_out
 *fill*         0x00000000200004c1        0x3 
 .bss.app_raw   0x00000000200004c4       0xf0 ./User/main.o
                0x00000000200004c4                app_raw
 .bss.app_rs_buff
                0x00000000200005b4       0x98 ./User/main.o
                0x00000000200005b4                app_rs_buff
 .bss.app_user_info
                0x000000002000064c       0x51 ./User/main.o
                0x000000002000064c                app_user_info
 *fill*         0x000000002000069d        0x3 
 .bss.rs_recv_buf
                0x00000000200006a0       0x98 ./User/rs485.o
                0x00000000200006a0                rs_recv_buf
 .bss.ucHeap    0x0000000020000738     0x4800 ./FreeRTOS/portable/MemMang/heap_4.o
 .bss.xQueueRegistry
                0x0000000020004f38       0x40 ./FreeRTOS/queue.o
                0x0000000020004f38                xQueueRegistry
 .bss.pxReadyTasksLists
                0x0000000020004f78      0x12c ./FreeRTOS/tasks.o
 .bss.xDelayedTaskList1
                0x00000000200050a4       0x14 ./FreeRTOS/tasks.o
 .bss.xDelayedTaskList2
                0x00000000200050b8       0x14 ./FreeRTOS/tasks.o
 .bss.xPendingReadyList
                0x00000000200050cc       0x14 ./FreeRTOS/tasks.o
 .bss.xSuspendedTaskList
                0x00000000200050e0       0x14 ./FreeRTOS/tasks.o
 .bss.xTasksWaitingTermination
                0x00000000200050f4       0x14 ./FreeRTOS/tasks.o
 .bss.xActiveTimerList1
                0x0000000020005108       0x14 ./FreeRTOS/timers.o
 .bss.xActiveTimerList2
                0x000000002000511c       0x14 ./FreeRTOS/timers.o
 *(.gnu.linkonce.b.*)
 *(COMMON*)
 COMMON         0x0000000020005130        0x4 /usr/share/MRS2/MRS-linux-x64/resources/app/resources/linux/components/WCH/Toolchain/RISC-V Embedded GCC/bin/../lib/gcc/riscv-none-embed/8.2.0/../../../../riscv-none-embed/lib/rv32imacxw/ilp32/libg_nano.a(lib_a-reent.o)
                0x0000000020005130                errno
                0x0000000020005134                . = ALIGN (0x4)
                0x0000000020005134                PROVIDE (_ebss = .)
                [!provide]                        PROVIDE (_end = _ebss)
                0x0000000020005134                PROVIDE (end = .)

.stack          0x0000000020007800      0x800
                [!provide]                        PROVIDE (_heap_end = .)
                0x0000000020007800                . = ALIGN (0x4)
                [!provide]                        PROVIDE (_susrstack = .)
                0x0000000020008000                . = (. + __stack_size)
 *fill*         0x0000000020007800      0x800 
                0x0000000020008000                PROVIDE (_eusrstack = .)
                0x0000000020008000                __freertos_irq_stack_top = .
OUTPUT(mcu-app.elf elf32-littleriscv)

.debug_info     0x0000000000000000    0x28e3c
 .debug_info    0x0000000000000000     0x313c ./User/ed25519/fe.o
 .debug_info    0x000000000000313c     0x2212 ./User/ed25519/ge.o
 .debug_info    0x000000000000534e      0x1bc ./User/ed25519/keypair.o
 .debug_info    0x000000000000550a      0xd2d ./User/ed25519/sc.o
 .debug_info    0x0000000000006237      0x47a ./User/ed25519/sha512.o
 .debug_info    0x00000000000066b1      0x419 ./User/ed25519/sign.o
 .debug_info    0x0000000000006aca      0x43d ./User/ed25519/verify.o
 .debug_info    0x0000000000006f07     0x1b70 ./User/ble.o
 .debug_info    0x0000000000008a77      0xd83 ./User/button.o
 .debug_info    0x00000000000097fa      0xbc0 ./User/ch32v30x_it.o
 .debug_info    0x000000000000a3ba     0x1abd ./User/flash.o
 .debug_info    0x000000000000be77      0xe63 ./User/keyfob.o
 .debug_info    0x000000000000ccda      0xea0 ./User/led.o
 .debug_info    0x000000000000db7a     0x1da1 ./User/main.o
 .debug_info    0x000000000000f91b      0xa64 ./User/rng.o
 .debug_info    0x000000000001037f     0x1591 ./User/rs485.o
 .debug_info    0x0000000000011910      0xba4 ./User/rtc.o
 .debug_info    0x00000000000124b4      0xbb5 ./User/system_ch32v30x.o
 .debug_info    0x0000000000013069       0x22 ./Startup/startup_ch32v30x_D8C.o
 .debug_info    0x000000000001308b     0x10d3 ./Peripheral/src/ch32v30x_bkp.o
 .debug_info    0x000000000001415e     0x12aa ./Peripheral/src/ch32v30x_gpio.o
 .debug_info    0x0000000000015408      0xb74 ./Peripheral/src/ch32v30x_iwdg.o
 .debug_info    0x0000000000015f7c      0xf5b ./Peripheral/src/ch32v30x_misc.o
 .debug_info    0x0000000000016ed7     0x101d ./Peripheral/src/ch32v30x_pwr.o
 .debug_info    0x0000000000017ef4     0x158a ./Peripheral/src/ch32v30x_rcc.o
 .debug_info    0x000000000001947e      0xb02 ./Peripheral/src/ch32v30x_rng.o
 .debug_info    0x0000000000019f80      0xdd4 ./Peripheral/src/ch32v30x_rtc.o
 .debug_info    0x000000000001ad54     0x12cd ./Peripheral/src/ch32v30x_spi.o
 .debug_info    0x000000000001c021     0x13cd ./Peripheral/src/ch32v30x_usart.o
 .debug_info    0x000000000001d3ee      0xe5c ./FreeRTOS/portable/MemMang/heap_4.o
 .debug_info    0x000000000001e24a     0x1169 ./FreeRTOS/portable/GCC/RISC-V/port.o
 .debug_info    0x000000000001f3b3       0x26 ./FreeRTOS/portable/GCC/RISC-V/portASM.o
 .debug_info    0x000000000001f3d9      0xb80 ./FreeRTOS/list.o
 .debug_info    0x000000000001ff59     0x30e5 ./FreeRTOS/queue.o
 .debug_info    0x000000000002303e     0x3c8b ./FreeRTOS/tasks.o
 .debug_info    0x0000000000026cc9     0x2173 ./FreeRTOS/timers.o

.debug_abbrev   0x0000000000000000     0x6413
 .debug_abbrev  0x0000000000000000      0x1e8 ./User/ed25519/fe.o
 .debug_abbrev  0x00000000000001e8      0x288 ./User/ed25519/ge.o
 .debug_abbrev  0x0000000000000470       0xff ./User/ed25519/keypair.o
 .debug_abbrev  0x000000000000056f      0x16e ./User/ed25519/sc.o
 .debug_abbrev  0x00000000000006dd      0x22d ./User/ed25519/sha512.o
 .debug_abbrev  0x000000000000090a      0x132 ./User/ed25519/sign.o
 .debug_abbrev  0x0000000000000a3c      0x195 ./User/ed25519/verify.o
 .debug_abbrev  0x0000000000000bd1      0x3d7 ./User/ble.o
 .debug_abbrev  0x0000000000000fa8      0x2d9 ./User/button.o
 .debug_abbrev  0x0000000000001281      0x22c ./User/ch32v30x_it.o
 .debug_abbrev  0x00000000000014ad      0x445 ./User/flash.o
 .debug_abbrev  0x00000000000018f2      0x2e5 ./User/keyfob.o
 .debug_abbrev  0x0000000000001bd7      0x2de ./User/led.o
 .debug_abbrev  0x0000000000001eb5      0x49a ./User/main.o
 .debug_abbrev  0x000000000000234f      0x287 ./User/rng.o
 .debug_abbrev  0x00000000000025d6      0x367 ./User/rs485.o
 .debug_abbrev  0x000000000000293d      0x26f ./User/rtc.o
 .debug_abbrev  0x0000000000002bac      0x2c0 ./User/system_ch32v30x.o
 .debug_abbrev  0x0000000000002e6c       0x12 ./Startup/startup_ch32v30x_D8C.o
 .debug_abbrev  0x0000000000002e7e      0x2cc ./Peripheral/src/ch32v30x_bkp.o
 .debug_abbrev  0x000000000000314a      0x31a ./Peripheral/src/ch32v30x_gpio.o
 .debug_abbrev  0x0000000000003464      0x282 ./Peripheral/src/ch32v30x_iwdg.o
 .debug_abbrev  0x00000000000036e6      0x2da ./Peripheral/src/ch32v30x_misc.o
 .debug_abbrev  0x00000000000039c0      0x3aa ./Peripheral/src/ch32v30x_pwr.o
 .debug_abbrev  0x0000000000003d6a      0x351 ./Peripheral/src/ch32v30x_rcc.o
 .debug_abbrev  0x00000000000040bb      0x2c8 ./Peripheral/src/ch32v30x_rng.o
 .debug_abbrev  0x0000000000004383      0x30b ./Peripheral/src/ch32v30x_rtc.o
 .debug_abbrev  0x000000000000468e      0x312 ./Peripheral/src/ch32v30x_spi.o
 .debug_abbrev  0x00000000000049a0      0x312 ./Peripheral/src/ch32v30x_usart.o
 .debug_abbrev  0x0000000000004cb2      0x36c ./FreeRTOS/portable/MemMang/heap_4.o
 .debug_abbrev  0x000000000000501e      0x3ad ./FreeRTOS/portable/GCC/RISC-V/port.o
 .debug_abbrev  0x00000000000053cb       0x14 ./FreeRTOS/portable/GCC/RISC-V/portASM.o
 .debug_abbrev  0x00000000000053df      0x254 ./FreeRTOS/list.o
 .debug_abbrev  0x0000000000005633      0x461 ./FreeRTOS/queue.o
 .debug_abbrev  0x0000000000005a94      0x545 ./FreeRTOS/tasks.o
 .debug_abbrev  0x0000000000005fd9      0x43a ./FreeRTOS/timers.o

.debug_loc      0x0000000000000000    0x1529a
 .debug_loc     0x0000000000000000     0x8ffb ./User/ed25519/fe.o
 .debug_loc     0x0000000000008ffb      0x93b ./User/ed25519/ge.o
 .debug_loc     0x0000000000009936       0x68 ./User/ed25519/keypair.o
 .debug_loc     0x000000000000999e     0x277f ./User/ed25519/sc.o
 .debug_loc     0x000000000000c11d      0x3eb ./User/ed25519/sha512.o
 .debug_loc     0x000000000000c508       0xa5 ./User/ed25519/sign.o
 .debug_loc     0x000000000000c5ad      0x126 ./User/ed25519/verify.o
 .debug_loc     0x000000000000c6d3      0x2fb ./User/ble.o
 .debug_loc     0x000000000000c9ce       0xc3 ./User/button.o
 .debug_loc     0x000000000000ca91      0x62e ./User/flash.o
 .debug_loc     0x000000000000d0bf      0x161 ./User/keyfob.o
 .debug_loc     0x000000000000d220      0x120 ./User/led.o
 .debug_loc     0x000000000000d340      0x3e8 ./User/main.o
 .debug_loc     0x000000000000d728       0x56 ./User/rng.o
 .debug_loc     0x000000000000d77e       0xe1 ./User/rs485.o
 .debug_loc     0x000000000000d85f       0x2b ./User/rtc.o
 .debug_loc     0x000000000000d88a      0x163 ./User/system_ch32v30x.o
 .debug_loc     0x000000000000d9ed       0xd8 ./Peripheral/src/ch32v30x_bkp.o
 .debug_loc     0x000000000000dac5      0x72b ./Peripheral/src/ch32v30x_gpio.o
 .debug_loc     0x000000000000e1f0       0x68 ./Peripheral/src/ch32v30x_iwdg.o
 .debug_loc     0x000000000000e258       0x61 ./Peripheral/src/ch32v30x_misc.o
 .debug_loc     0x000000000000e2b9      0x278 ./Peripheral/src/ch32v30x_pwr.o
 .debug_loc     0x000000000000e531      0xadb ./Peripheral/src/ch32v30x_rcc.o
 .debug_loc     0x000000000000f00c       0xa8 ./Peripheral/src/ch32v30x_rng.o
 .debug_loc     0x000000000000f0b4      0x377 ./Peripheral/src/ch32v30x_rtc.o
 .debug_loc     0x000000000000f42b      0x598 ./Peripheral/src/ch32v30x_spi.o
 .debug_loc     0x000000000000f9c3      0x779 ./Peripheral/src/ch32v30x_usart.o
 .debug_loc     0x000000000001013c      0x330 ./FreeRTOS/portable/MemMang/heap_4.o
 .debug_loc     0x000000000001046c       0xad ./FreeRTOS/portable/GCC/RISC-V/port.o
 .debug_loc     0x0000000000010519       0x94 ./FreeRTOS/list.o
 .debug_loc     0x00000000000105ad     0x1b0a ./FreeRTOS/queue.o
 .debug_loc     0x00000000000120b7     0x2386 ./FreeRTOS/tasks.o
 .debug_loc     0x000000000001443d      0xe5d ./FreeRTOS/timers.o

.debug_aranges  0x0000000000000000     0x10e0
 .debug_aranges
                0x0000000000000000       0xb0 ./User/ed25519/fe.o
 .debug_aranges
                0x00000000000000b0       0xb8 ./User/ed25519/ge.o
 .debug_aranges
                0x0000000000000168       0x20 ./User/ed25519/keypair.o
 .debug_aranges
                0x0000000000000188       0x38 ./User/ed25519/sc.o
 .debug_aranges
                0x00000000000001c0       0x40 ./User/ed25519/sha512.o
 .debug_aranges
                0x0000000000000200       0x20 ./User/ed25519/sign.o
 .debug_aranges
                0x0000000000000220       0x20 ./User/ed25519/verify.o
 .debug_aranges
                0x0000000000000240       0xd0 ./User/ble.o
 .debug_aranges
                0x0000000000000310       0x30 ./User/button.o
 .debug_aranges
                0x0000000000000340       0x28 ./User/ch32v30x_it.o
 .debug_aranges
                0x0000000000000368       0xb0 ./User/flash.o
 .debug_aranges
                0x0000000000000418       0x38 ./User/keyfob.o
 .debug_aranges
                0x0000000000000450       0x40 ./User/led.o
 .debug_aranges
                0x0000000000000490       0xa0 ./User/main.o
 .debug_aranges
                0x0000000000000530       0x28 ./User/rng.o
 .debug_aranges
                0x0000000000000558       0x38 ./User/rs485.o
 .debug_aranges
                0x0000000000000590       0x30 ./User/rtc.o
 .debug_aranges
                0x00000000000005c0       0x28 ./User/system_ch32v30x.o
 .debug_aranges
                0x00000000000005e8       0x30 ./Startup/startup_ch32v30x_D8C.o
 .debug_aranges
                0x0000000000000618       0x78 ./Peripheral/src/ch32v30x_bkp.o
 .debug_aranges
                0x0000000000000690       0xb0 ./Peripheral/src/ch32v30x_gpio.o
 .debug_aranges
                0x0000000000000740       0x48 ./Peripheral/src/ch32v30x_iwdg.o
 .debug_aranges
                0x0000000000000788       0x28 ./Peripheral/src/ch32v30x_misc.o
 .debug_aranges
                0x00000000000007b0       0x88 ./Peripheral/src/ch32v30x_pwr.o
 .debug_aranges
                0x0000000000000838      0x1a8 ./Peripheral/src/ch32v30x_rcc.o
 .debug_aranges
                0x00000000000009e0       0x48 ./Peripheral/src/ch32v30x_rng.o
 .debug_aranges
                0x0000000000000a28       0x80 ./Peripheral/src/ch32v30x_rtc.o
 .debug_aranges
                0x0000000000000aa8       0xd0 ./Peripheral/src/ch32v30x_spi.o
 .debug_aranges
                0x0000000000000b78       0xf0 ./Peripheral/src/ch32v30x_usart.o
 .debug_aranges
                0x0000000000000c68       0x50 ./FreeRTOS/portable/MemMang/heap_4.o
 .debug_aranges
                0x0000000000000cb8       0x58 ./FreeRTOS/portable/GCC/RISC-V/port.o
 .debug_aranges
                0x0000000000000d10       0x20 ./FreeRTOS/portable/GCC/RISC-V/portASM.o
 .debug_aranges
                0x0000000000000d30       0x40 ./FreeRTOS/list.o
 .debug_aranges
                0x0000000000000d70      0x108 ./FreeRTOS/queue.o
 .debug_aranges
                0x0000000000000e78      0x1b0 ./FreeRTOS/tasks.o
 .debug_aranges
                0x0000000000001028       0xb8 ./FreeRTOS/timers.o

.debug_ranges   0x0000000000000000     0x1608
 .debug_ranges  0x0000000000000000       0xa0 ./User/ed25519/fe.o
 .debug_ranges  0x00000000000000a0       0xc0 ./User/ed25519/ge.o
 .debug_ranges  0x0000000000000160       0x10 ./User/ed25519/keypair.o
 .debug_ranges  0x0000000000000170       0x28 ./User/ed25519/sc.o
 .debug_ranges  0x0000000000000198       0x48 ./User/ed25519/sha512.o
 .debug_ranges  0x00000000000001e0       0x10 ./User/ed25519/sign.o
 .debug_ranges  0x00000000000001f0       0x10 ./User/ed25519/verify.o
 .debug_ranges  0x0000000000000200       0xd8 ./User/ble.o
 .debug_ranges  0x00000000000002d8       0x60 ./User/button.o
 .debug_ranges  0x0000000000000338       0x18 ./User/ch32v30x_it.o
 .debug_ranges  0x0000000000000350      0x120 ./User/flash.o
 .debug_ranges  0x0000000000000470       0x40 ./User/keyfob.o
 .debug_ranges  0x00000000000004b0       0x30 ./User/led.o
 .debug_ranges  0x00000000000004e0      0x110 ./User/main.o
 .debug_ranges  0x00000000000005f0       0x18 ./User/rng.o
 .debug_ranges  0x0000000000000608       0x40 ./User/rs485.o
 .debug_ranges  0x0000000000000648       0x20 ./User/rtc.o
 .debug_ranges  0x0000000000000668       0x38 ./User/system_ch32v30x.o
 .debug_ranges  0x00000000000006a0       0x28 ./Startup/startup_ch32v30x_D8C.o
 .debug_ranges  0x00000000000006c8       0x68 ./Peripheral/src/ch32v30x_bkp.o
 .debug_ranges  0x0000000000000730       0xa0 ./Peripheral/src/ch32v30x_gpio.o
 .debug_ranges  0x00000000000007d0       0x38 ./Peripheral/src/ch32v30x_iwdg.o
 .debug_ranges  0x0000000000000808       0x30 ./Peripheral/src/ch32v30x_misc.o
 .debug_ranges  0x0000000000000838       0xf8 ./Peripheral/src/ch32v30x_pwr.o
 .debug_ranges  0x0000000000000930      0x198 ./Peripheral/src/ch32v30x_rcc.o
 .debug_ranges  0x0000000000000ac8       0x38 ./Peripheral/src/ch32v30x_rng.o
 .debug_ranges  0x0000000000000b00       0x70 ./Peripheral/src/ch32v30x_rtc.o
 .debug_ranges  0x0000000000000b70       0xc0 ./Peripheral/src/ch32v30x_spi.o
 .debug_ranges  0x0000000000000c30       0xe0 ./Peripheral/src/ch32v30x_usart.o
 .debug_ranges  0x0000000000000d10       0x40 ./FreeRTOS/portable/MemMang/heap_4.o
 .debug_ranges  0x0000000000000d50       0x60 ./FreeRTOS/portable/GCC/RISC-V/port.o
 .debug_ranges  0x0000000000000db0       0x30 ./FreeRTOS/list.o